<html>
<body>
<pre>
<h1>µVision Build Log</h1>
<h2>Tool Versions:</h2>
IDE-Version: ¦ÌVision V5.25.2.0
Copyright (C) 2018 ARM Ltd and ARM Germany GmbH. All rights reserved.
License Information: Fan a, a, LIC=0VRMM-XTHU7-WK7B8-39GJP-RX7RD-HMUK1
 
Tool Versions:
Toolchain:       MDK-ARM Professional  Version: 5.25.2.0
Toolchain Path:  C:\Program Files Me\Keil_v5\ARM\ARMCC\Bin
C Compiler:      Armcc.exe V5.06 update 6 (build 750)
Assembler:       Armasm.exe V5.06 update 6 (build 750)
Linker/Locator:  ArmLink.exe V5.06 update 6 (build 750)
Library Manager: ArmAr.exe V5.06 update 6 (build 750)
Hex Converter:   FromElf.exe V5.06 update 6 (build 750)
CPU DLL:         SARMCM3.DLL V5.25.2.0
Dialog DLL:      DARMCM1.DLL V1.19.1.0
Target DLL:      STLink\ST-LINKIII-KEIL_SWO.dll V3.0.1.0
Dialog DLL:      TARMCM1.DLL V1.14.0.0
 
<h2>Project:</h2>
D:\Downloads\My_code\30_Com_20200108\70_Tool\Project.uvprojx
Project File Date:  01/11/2020

<h2>Output:</h2>
*** Using Compiler 'V5.06 update 6 (build 750)', folder: 'C:\Program Files Me\Keil_v5\ARM\ARMCC\Bin'
Build target 'Skywalker_4000W_Com'
assembling startup_stm32f0xx.s...
compiling buffer.c...
compiling adc.c...
compiling clock.c...
compiling eeprom.c...
compiling StdPeriphDriver.c...
compiling main.c...
compiling flash.c...
compiling rte.c...
compiling port.c...
compiling pwm.c...
compiling schm.c...
compiling crc.c...
compiling wdg.c...
compiling timer.c...
compiling i2c.c...
compiling cali.c...
compiling rtc.c...
compiling mem.c...
compiling uart.c...
compiling i2cprt.c...
compiling hwio.c...
compiling uartprt.c...
compiling s_dam.c...
compiling fanctrl.c...
compiling monctrl.c...
compiling psuctrl.c...
compiling tempctrl.c...
compiling ledctrl.c...
compiling pmbus.c...
..\40_Appl\pmbus\pmbus.c(1580): warning:  #177-D: variable "u8Cnt"  was declared but never referenced
  	uint8 u8Cnt = 0;
..\40_Appl\pmbus\pmbus.c(1581): warning:  #177-D: variable "u8ByteNum"  was declared but never referenced
  	uint8 u8ByteNum = 0;
..\40_Appl\pmbus\pmbus.c(1584): warning:  #177-D: variable "u8TmpData"  was declared but never referenced
  	uint8 u8TmpData;
..\40_Appl\pmbus\pmbus.c(1372): warning:  #177-D: function "mg_vSendQuerydata"  was declared but never referenced
  static void mg_vSendQuerydata(void)
..\40_Appl\pmbus\pmbus.c(1460): warning:  #177-D: function "mg_vSendSmbMaskdata"  was declared but never referenced
  static void mg_vSendSmbMaskdata(void)
..\40_Appl\pmbus\pmbus.c(3490): warning:  #177-D: function "mg_s32LinearDatFormatToNormal"  was declared but never referenced
  static sint32 mg_s32LinearDatFormatToNormal(uint16 u16DataIn)
..\40_Appl\pmbus\pmbus.c: 6 warnings, 0 errors
compiling intcom.c...
compiling blabox.c...
compiling timectrl.c...
linking...
Program Size: Code=53324 RO-data=3764 RW-data=640 ZI-data=4828  
FromELF: creating hex file...
"..\20_Make\output\Skywalker_4000W_Com_V.axf" - 0 Error(s), 6 Warning(s).

<h2>Software Packages used:</h2>

Package Vendor: Keil
                http://www.keil.com/pack/Keil.STM32F0xx_DFP.2.0.0.pack
                Keil.STM32F0xx_DFP.2.0.0
                STMicroelectronics STM32F0 Series Device Support, Drivers and Examples

<h2>Collection of Component include folders:</h2>
  .\RTE\_Skywalker_4000W_Com
  C:\Program Files Me\Keil_v5\ARM\PACK\Keil\STM32F0xx_DFP\2.0.0\Drivers\CMSIS\Device\ST\STM32F0xx\Include

<h2>Collection of Component Files used:</h2>
Build Time Elapsed:  00:00:25
</pre>
</body>
</html>
