Component: ARM Compiler 5.06 update 6 (build 750) Tool: armlink [4d35ed]

==============================================================================

Section Cross References

    stdperiphdriver.o(i.ADC_DeInit) refers to stdperiphdriver.o(i.RCC_APB2PeriphResetCmd) for RCC_APB2PeriphResetCmd
    stdperiphdriver.o(i.CAN_DeInit) refers to stdperiphdriver.o(i.RCC_APB1PeriphResetCmd) for RCC_APB1PeriphResetCmd
    stdperiphdriver.o(i.CAN_GetITStatus) refers to stdperiphdriver.o(i.CheckITStatus) for CheckITStatus
    stdperiphdriver.o(i.CEC_DeInit) refers to stdperiphdriver.o(i.RCC_APB1PeriphResetCmd) for RCC_APB1PeriphResetCmd
    stdperiphdriver.o(i.CRS_DeInit) refers to stdperiphdriver.o(i.RCC_APB1PeriphResetCmd) for RCC_APB1PeriphResetCmd
    stdperiphdriver.o(i.DAC_DeInit) refers to stdperiphdriver.o(i.RCC_APB1PeriphResetCmd) for RCC_APB1PeriphResetCmd
    stdperiphdriver.o(i.FLASH_EraseAllPages) refers to stdperiphdriver.o(i.FLASH_WaitForLastOperation) for FLASH_WaitForLastOperation
    stdperiphdriver.o(i.FLASH_ErasePage) refers to stdperiphdriver.o(i.FLASH_WaitForLastOperation) for FLASH_WaitForLastOperation
    stdperiphdriver.o(i.FLASH_OB_BOOT0Config) refers to stdperiphdriver.o(i.FLASH_WaitForLastOperation) for FLASH_WaitForLastOperation
    stdperiphdriver.o(i.FLASH_OB_BOOT0SWConfig) refers to stdperiphdriver.o(i.FLASH_WaitForLastOperation) for FLASH_WaitForLastOperation
    stdperiphdriver.o(i.FLASH_OB_BOOTConfig) refers to stdperiphdriver.o(i.FLASH_WaitForLastOperation) for FLASH_WaitForLastOperation
    stdperiphdriver.o(i.FLASH_OB_EnableWRP) refers to stdperiphdriver.o(i.FLASH_WaitForLastOperation) for FLASH_WaitForLastOperation
    stdperiphdriver.o(i.FLASH_OB_Erase) refers to stdperiphdriver.o(i.FLASH_OB_GetRDP) for FLASH_OB_GetRDP
    stdperiphdriver.o(i.FLASH_OB_Erase) refers to stdperiphdriver.o(i.FLASH_WaitForLastOperation) for FLASH_WaitForLastOperation
    stdperiphdriver.o(i.FLASH_OB_ProgramData) refers to stdperiphdriver.o(i.FLASH_WaitForLastOperation) for FLASH_WaitForLastOperation
    stdperiphdriver.o(i.FLASH_OB_RDPConfig) refers to stdperiphdriver.o(i.FLASH_WaitForLastOperation) for FLASH_WaitForLastOperation
    stdperiphdriver.o(i.FLASH_OB_SRAMParityConfig) refers to stdperiphdriver.o(i.FLASH_WaitForLastOperation) for FLASH_WaitForLastOperation
    stdperiphdriver.o(i.FLASH_OB_UserConfig) refers to stdperiphdriver.o(i.FLASH_WaitForLastOperation) for FLASH_WaitForLastOperation
    stdperiphdriver.o(i.FLASH_OB_VDDAConfig) refers to stdperiphdriver.o(i.FLASH_WaitForLastOperation) for FLASH_WaitForLastOperation
    stdperiphdriver.o(i.FLASH_OB_WriteUser) refers to stdperiphdriver.o(i.FLASH_WaitForLastOperation) for FLASH_WaitForLastOperation
    stdperiphdriver.o(i.FLASH_ProgramHalfWord) refers to stdperiphdriver.o(i.FLASH_WaitForLastOperation) for FLASH_WaitForLastOperation
    stdperiphdriver.o(i.FLASH_ProgramWord) refers to stdperiphdriver.o(i.FLASH_WaitForLastOperation) for FLASH_WaitForLastOperation
    stdperiphdriver.o(i.FLASH_WaitForLastOperation) refers to stdperiphdriver.o(i.FLASH_GetStatus) for FLASH_GetStatus
    stdperiphdriver.o(i.GPIO_DeInit) refers to stdperiphdriver.o(i.RCC_AHBPeriphResetCmd) for RCC_AHBPeriphResetCmd
    stdperiphdriver.o(i.I2C_DeInit) refers to stdperiphdriver.o(i.RCC_APB1PeriphResetCmd) for RCC_APB1PeriphResetCmd
    stdperiphdriver.o(i.I2S_Init) refers to stdperiphdriver.o(i.RCC_GetClocksFreq) for RCC_GetClocksFreq
    stdperiphdriver.o(i.I2S_Init) refers to uidiv.o(.text) for __aeabi_uidivmod
    stdperiphdriver.o(i.PWR_DeInit) refers to stdperiphdriver.o(i.RCC_APB1PeriphResetCmd) for RCC_APB1PeriphResetCmd
    stdperiphdriver.o(i.RCC_GetClocksFreq) refers to uidiv.o(.text) for __aeabi_uidivmod
    stdperiphdriver.o(i.RCC_GetClocksFreq) refers to stdperiphdriver.o(.data) for APBAHBPrescTable
    stdperiphdriver.o(i.RCC_WaitForHSEStartUp) refers to stdperiphdriver.o(i.RCC_GetFlagStatus) for RCC_GetFlagStatus
    stdperiphdriver.o(i.RTC_DeInit) refers to stdperiphdriver.o(i.RTC_EnterInitMode) for RTC_EnterInitMode
    stdperiphdriver.o(i.RTC_DeInit) refers to stdperiphdriver.o(i.RTC_WaitForSynchro) for RTC_WaitForSynchro
    stdperiphdriver.o(i.RTC_GetAlarm) refers to stdperiphdriver.o(i.RTC_Bcd2ToByte) for RTC_Bcd2ToByte
    stdperiphdriver.o(i.RTC_GetDate) refers to stdperiphdriver.o(i.RTC_Bcd2ToByte) for RTC_Bcd2ToByte
    stdperiphdriver.o(i.RTC_GetTime) refers to stdperiphdriver.o(i.RTC_Bcd2ToByte) for RTC_Bcd2ToByte
    stdperiphdriver.o(i.RTC_GetTimeStamp) refers to stdperiphdriver.o(i.RTC_Bcd2ToByte) for RTC_Bcd2ToByte
    stdperiphdriver.o(i.RTC_Init) refers to stdperiphdriver.o(i.RTC_EnterInitMode) for RTC_EnterInitMode
    stdperiphdriver.o(i.RTC_Init) refers to stdperiphdriver.o(i.RTC_ExitInitMode) for RTC_ExitInitMode
    stdperiphdriver.o(i.RTC_RefClockCmd) refers to stdperiphdriver.o(i.RTC_EnterInitMode) for RTC_EnterInitMode
[...]
    CRC_vInit                                0x080055a5   Thumb Code     2  crc.o(i.CRC_vInit)
    DMA_Cmd                                  0x080055a9   Thumb Code    24  stdperiphdriver.o(i.DMA_Cmd)
    DMA_DeInit                               0x080055c5   Thumb Code   342  stdperiphdriver.o(i.DMA_DeInit)
    DMA_Init                                 0x08005729   Thumb Code    58  stdperiphdriver.o(i.DMA_Init)
    EEPROM_u32ReadBuffer                     0x08005769   Thumb Code   714  eeprom.o(i.EEPROM_u32ReadBuffer)
    EEPROM_u32WaitEepromStandbyState         0x08005a41   Thumb Code   110  eeprom.o(i.EEPROM_u32WaitEepromStandbyState)
    EEPROM_u32WriteBuffer                    0x08005abd   Thumb Code   590  eeprom.o(i.EEPROM_u32WriteBuffer)
    EEPROM_u32WritePage                      0x08005d15   Thumb Code   310  eeprom.o(i.EEPROM_u32WritePage)
    EEPROM_vInit                             0x08005e59   Thumb Code     8  eeprom.o(i.EEPROM_vInit)
    FANCTRL_u16ReadFanCtrlDuty               0x08006051   Thumb Code    22  fanctrl.o(i.FANCTRL_u16ReadFanCtrlDuty)
    FANCTRL_u16ReadFanSpeed                  0x08006071   Thumb Code    22  fanctrl.o(i.FANCTRL_u16ReadFanSpeed)
    FANCTRL_u8ReadFanBitFail                 0x08006091   Thumb Code    26  fanctrl.o(i.FANCTRL_u8ReadFanBitFail)
    FANCTRL_u8ReadFanBitWarn                 0x080060b1   Thumb Code    26  fanctrl.o(i.FANCTRL_u8ReadFanBitWarn)
    FANCTRL_u8WriteFanBitFail                0x080060d1   Thumb Code    40  fanctrl.o(i.FANCTRL_u8WriteFanBitFail)
    FANCTRL_u8WriteFanBitWarn                0x080060fd   Thumb Code    38  fanctrl.o(i.FANCTRL_u8WriteFanBitWarn)
    FANCTRL_vFanCtrl                         0x08006129   Thumb Code   110  fanctrl.o(i.FANCTRL_vFanCtrl)
    FANCTRL_vFanSpeedCalc                    0x080061b1   Thumb Code   330  fanctrl.o(i.FANCTRL_vFanSpeedCalc)
    FANCTRL_vInit                            0x08006321   Thumb Code   154  fanctrl.o(i.FANCTRL_vInit)
    FANCTRL_vSetFanBlockTest                 0x080063c1   Thumb Code     6  fanctrl.o(i.FANCTRL_vSetFanBlockTest)
    FANCTRL_vSysSetFanCtrlDuty               0x080063cd   Thumb Code    16  fanctrl.o(i.FANCTRL_vSysSetFanCtrlDuty)
    FLASH_ErasePage                          0x080063e1   Thumb Code    72  stdperiphdriver.o(i.FLASH_ErasePage)
    FLASH_GetStatus                          0x0800642d   Thumb Code    54  stdperiphdriver.o(i.FLASH_GetStatus)
    FLASH_Lock                               0x08006469   Thumb Code    14  stdperiphdriver.o(i.FLASH_Lock)
    FLASH_ProgramHalfWord                    0x0800647d   Thumb Code    62  stdperiphdriver.o(i.FLASH_ProgramHalfWord)
    FLASH_ProgramWord                        0x080064c1   Thumb Code   104  stdperiphdriver.o(i.FLASH_ProgramWord)
    FLASH_Unlock                             0x0800652d   Thumb Code    24  stdperiphdriver.o(i.FLASH_Unlock)
    FLASH_WaitForLastOperation               0x08006551   Thumb Code    40  stdperiphdriver.o(i.FLASH_WaitForLastOperation)
    FLASH_u32BootloaderFwVer                 0x08006579   Thumb Code    10  flash.o(i.FLASH_u32BootloaderFwVer)
    FLASH_u32ReadWordFlash                   0x08006589   Thumb Code    24  flash.o(i.FLASH_u32ReadWordFlash)
    FLASH_u8ErasePageFlash                   0x080065a1   Thumb Code    34  flash.o(i.FLASH_u8ErasePageFlash)
    FLASH_u8WriteHalfWordFlash               0x080065c3   Thumb Code    40  flash.o(i.FLASH_u8WriteHalfWordFlash)
    FLASH_u8WriteWordFlash                   0x080065eb   Thumb Code    40  flash.o(i.FLASH_u8WriteWordFlash)
    FLASH_vInit                              0x08006613   Thumb Code     2  flash.o(i.FLASH_vInit)
    FLASH_vRemapVectorTable                  0x08006615   Thumb Code    50  flash.o(i.FLASH_vRemapVectorTable)
    GPIO_Init                                0x08006655   Thumb Code   144  stdperiphdriver.o(i.GPIO_Init)
    GPIO_PinAFConfig                         0x080066e5   Thumb Code    68  stdperiphdriver.o(i.GPIO_PinAFConfig)
    GPIO_ReadInputDataBit                    0x08006729   Thumb Code    20  stdperiphdriver.o(i.GPIO_ReadInputDataBit)
    HWIO_vCheckBootLoaderExistFlg            0x08006849   Thumb Code     2  hwio.o(i.HWIO_vCheckBootLoaderExistFlg)
    HWIO_vInit                               0x0800684b   Thumb Code     2  hwio.o(i.HWIO_vInit)
    HWIO_vReadGpioPort                       0x0800684d   Thumb Code   496  hwio.o(i.HWIO_vReadGpioPort)
    HWIO_vSetGpioPort                        0x08006a69   Thumb Code   346  hwio.o(i.HWIO_vSetGpioPort)
    I2C1_IRQHandler                          0x08006bc9   Thumb Code   646  i2cprt.o(i.I2C1_IRQHandler)
    I2CPRT_vInit                             0x08006f75   Thumb Code   100  i2cprt.o(i.I2CPRT_vInit)
    I2CPRT_vProcessReceiveData               0x08006fe9   Thumb Code   266  i2cprt.o(i.I2CPRT_vProcessReceiveData)
    I2C_ClearFlag                            0x0800710d   Thumb Code     4  stdperiphdriver.o(i.I2C_ClearFlag)
    I2C_ClearITPendingBit                    0x08007111   Thumb Code     4  stdperiphdriver.o(i.I2C_ClearITPendingBit)
    I2C_Cmd                                  0x08007115   Thumb Code    24  stdperiphdriver.o(i.I2C_Cmd)
    I2C_GenerateSTART                        0x0800712d   Thumb Code    28  stdperiphdriver.o(i.I2C_GenerateSTART)
    I2C_GetFlagStatus                        0x08007149   Thumb Code    28  stdperiphdriver.o(i.I2C_GetFlagStatus)
    I2C_GetTransferDirection                 0x08007165   Thumb Code    30  stdperiphdriver.o(i.I2C_GetTransferDirection)
    I2C_ITConfig                             0x08007183   Thumb Code    20  stdperiphdriver.o(i.I2C_ITConfig)
    I2C_Init                                 0x08007199   Thumb Code    98  stdperiphdriver.o(i.I2C_Init)
    I2C_ReceiveData                          0x08007205   Thumb Code     8  stdperiphdriver.o(i.I2C_ReceiveData)
    I2C_SendData                             0x0800720d   Thumb Code     4  stdperiphdriver.o(i.I2C_SendData)
    I2C_SoftwareResetCmd                     0x08007211   Thumb Code    20  stdperiphdriver.o(i.I2C_SoftwareResetCmd)
    I2C_StretchClockCmd                      0x08007225   Thumb Code    28  stdperiphdriver.o(i.I2C_StretchClockCmd)
    I2C_TransferHandling                     0x08007241   Thumb Code    38  stdperiphdriver.o(i.I2C_TransferHandling)
    I2C_vClearTimeoutCnt                     0x0800726d   Thumb Code    16  i2c.o(i.I2C_vClearTimeoutCnt)
    I2C_vDisableNvicInt                      0x08007285   Thumb Code    46  i2c.o(i.I2C_vDisableNvicInt)
    I2C_vEnableNvicInt                       0x080072b9   Thumb Code    46  i2c.o(i.I2C_vEnableNvicInt)
    I2C_vI2cTimeOutHandler                   0x080072ed   Thumb Code   258  i2c.o(i.I2C_vI2cTimeOutHandler)
    I2C_vInit                                0x08007405   Thumb Code   104  i2c.o(i.I2C_vInit)
    INTCOM_vCom1RxData                       0x0800755d   Thumb Code   948  intcom.o(i.INTCOM_vCom1RxData)
    INTCOM_vCom1TxData                       0x08007931   Thumb Code   240  intcom.o(i.INTCOM_vCom1TxData)
    INTCOM_vCom2RxData                       0x08007a35   Thumb Code   842  intcom.o(i.INTCOM_vCom2RxData)
    INTCOM_vCom2TxData                       0x08007da1   Thumb Code   382  intcom.o(i.INTCOM_vCom2TxData)
    INTCOM_vInit                             0x08007f4d   Thumb Code    14  intcom.o(i.INTCOM_vInit)
    INTCOM_vTmOutMon                         0x08007f65   Thumb Code   102  intcom.o(i.INTCOM_vTmOutMon)
    LEDCTRL_vInit                            0x0800803d   Thumb Code     2  ledctrl.o(i.LEDCTRL_vInit)
    LEDCTRL_vLedControl                      0x08008041   Thumb Code   360  ledctrl.o(i.LEDCTRL_vLedControl)
    MEM_u16Getlenght                         0x08008201   Thumb Code    10  mem.o(i.MEM_u16Getlenght)
    MEM_vInit                                0x08008211   Thumb Code    20  mem.o(i.MEM_vInit)
    MEM_vRead2EEPORM                         0x08008225   Thumb Code    42  mem.o(i.MEM_vRead2EEPORM)
    MEM_vReadFromMem                         0x08008251   Thumb Code    30  mem.o(i.MEM_vReadFromMem)
    MEM_vSaveData                            0x08008275   Thumb Code    84  mem.o(i.MEM_vSaveData)
    MEM_vWrite2EEPORM                        0x080082cd   Thumb Code    42  mem.o(i.MEM_vWrite2EEPORM)
    MEM_vWriteToMem                          0x080082f9   Thumb Code    26  mem.o(i.MEM_vWriteToMem)
    MONCTRL_vAxuModeDetect                   0x080085c5   Thumb Code   126  monctrl.o(i.MONCTRL_vAxuModeDetect)
    MONCTRL_vCheckStatusReset                0x08008655   Thumb Code   376  monctrl.o(i.MONCTRL_vCheckStatusReset)
    MONCTRL_vCheckVsbOvp                     0x080087ed   Thumb Code    94  monctrl.o(i.MONCTRL_vCheckVsbOvp)
    MONCTRL_vInit                            0x08008855   Thumb Code    28  monctrl.o(i.MONCTRL_vInit)
    MONCTRL_vUpdateStatus                    0x08008875   Thumb Code   282  monctrl.o(i.MONCTRL_vUpdateStatus)
    MONCTRL_vVin                             0x080089b5   Thumb Code   794  monctrl.o(i.MONCTRL_vVin)
    MONCTRL_vVsbOutput                       0x08008d29   Thumb Code   722  monctrl.o(i.MONCTRL_vVsbOutput)
    NVIC_Init                                0x08009019   Thumb Code   106  stdperiphdriver.o(i.NVIC_Init)
    PMBUS_vCheckBootMode                     0x080090fd   Thumb Code   332  pmbus.o(i.PMBUS_vCheckBootMode)
    PMBUS_vClearAllFault                     0x0800926d   Thumb Code    16  pmbus.o(i.PMBUS_vClearAllFault)
    PMBUS_vClearPowerOffFault                0x08009281   Thumb Code    54  pmbus.o(i.PMBUS_vClearPowerOffFault)
    PMBUS_vCmdCheck                          0x080092bd   Thumb Code   786  pmbus.o(i.PMBUS_vCmdCheck)
    PMBUS_vCopyDebugData                     0x0800960d   Thumb Code   386  pmbus.o(i.PMBUS_vCopyDebugData)
    PMBUS_vCopyPecAndOringStatus             0x080097c5   Thumb Code     2  pmbus.o(i.PMBUS_vCopyPecAndOringStatus)
    PMBUS_vCopySensorData                    0x080097c9   Thumb Code  1570  pmbus.o(i.PMBUS_vCopySensorData)
    PMBUS_vCopyStatusData                    0x08009e05   Thumb Code  1036  pmbus.o(i.PMBUS_vCopyStatusData)
    PMBUS_vInit                              0x0800a211   Thumb Code   192  pmbus.o(i.PMBUS_vInit)
    PMBUS_vSaveBlackBoxData2Buff             0x0800a305   Thumb Code   104  pmbus.o(i.PMBUS_vSaveBlackBoxData2Buff)
    PMBUS_vSaveBlackBoxVinData2Buff          0x0800a371   Thumb Code    32  pmbus.o(i.PMBUS_vSaveBlackBoxVinData2Buff)
    PMBUS_vSendData                          0x0800a395   Thumb Code  3848  pmbus.o(i.PMBUS_vSendData)
    PORT_u8ReadGpioPin                       0x0800b2dd   Thumb Code    42  port.o(i.PORT_u8ReadGpioPin)
    PORT_vInit                               0x0800b30d   Thumb Code   228  port.o(i.PORT_vInit)
    PORT_vSetGpioMode                        0x0800b3f5   Thumb Code   148  port.o(i.PORT_vSetGpioMode)
    PORT_vSetGpioPin                         0x0800b491   Thumb Code    54  port.o(i.PORT_vSetGpioPin)
    PORT_vSetGpioPinToggle                   0x0800b4cd   Thumb Code    36  port.o(i.PORT_vSetGpioPinToggle)
    PSUCTRL_vInit                            0x0800b6b1   Thumb Code    12  psuctrl.o(i.PSUCTRL_vInit)
    PSUCTRL_vTrim                            0x0800b6c5   Thumb Code   488  psuctrl.o(i.PSUCTRL_vTrim)
    PSUCTRL_vV1Out                           0x0800b8d9   Thumb Code   462  psuctrl.o(i.PSUCTRL_vV1Out)
    PSUCTRL_vVsbOut                          0x0800bac9   Thumb Code   440  psuctrl.o(i.PSUCTRL_vVsbOut)
    PWM_vInit                                0x0800bcad   Thumb Code   346  pwm.o(i.PWM_vInit)
    PWM_vPwmDutyUpdate                       0x0800be0d   Thumb Code   136  pwm.o(i.PWM_vPwmDutyUpdate)
    PWR_BackupAccessCmd                      0x0800be99   Thumb Code    36  stdperiphdriver.o(i.PWR_BackupAccessCmd)
    RCC_AHBPeriphClockCmd                    0x0800bec1   Thumb Code    28  stdperiphdriver.o(i.RCC_AHBPeriphClockCmd)
    RCC_APB1PeriphClockCmd                   0x0800bee1   Thumb Code    28  stdperiphdriver.o(i.RCC_APB1PeriphClockCmd)
    RCC_APB2PeriphClockCmd                   0x0800bf01   Thumb Code    28  stdperiphdriver.o(i.RCC_APB2PeriphClockCmd)
    RCC_APB2PeriphResetCmd                   0x0800bf21   Thumb Code    28  stdperiphdriver.o(i.RCC_APB2PeriphResetCmd)
    RCC_BackupResetCmd                       0x0800bf41   Thumb Code    36  stdperiphdriver.o(i.RCC_BackupResetCmd)
    RCC_GetClocksFreq                        0x0800bf69   Thumb Code   554  stdperiphdriver.o(i.RCC_GetClocksFreq)
    RCC_RTCCLKCmd                            0x0800c1b5   Thumb Code    36  stdperiphdriver.o(i.RCC_RTCCLKCmd)
    RCC_RTCCLKConfig                         0x0800c1dd   Thumb Code    12  stdperiphdriver.o(i.RCC_RTCCLKConfig)
    RTC_EnterInitMode                        0x0800c1ed   Thumb Code    82  stdperiphdriver.o(i.RTC_EnterInitMode)
    RTC_ExitInitMode                         0x0800c245   Thumb Code    14  stdperiphdriver.o(i.RTC_ExitInitMode)
    RTC_Init                                 0x0800c259   Thumb Code    84  stdperiphdriver.o(i.RTC_Init)
    RTC_WaitForSynchro                       0x0800c2b1   Thumb Code   104  stdperiphdriver.o(i.RTC_WaitForSynchro)
    RTC_vInit                                0x0800c31d   Thumb Code    98  rtc.o(i.RTC_vInit)
    RTE_vInit                                0x0800c38d   Thumb Code   228  rte.o(i.RTE_vInit)
    SCHM_vInit                               0x0800c50d   Thumb Code   260  schm.o(i.SCHM_vInit)
    SCHM_vSchmIdleLoop                       0x0800c611   Thumb Code    24  schm.o(i.SCHM_vSchmIdleLoop)
    SCHM_vSchmRoutine                        0x0800c629   Thumb Code   614  schm.o(i.SCHM_vSchmRoutine)
    SYSCFG_MemoryRemapConfig                 0x0800c895   Thumb Code    24  stdperiphdriver.o(i.SYSCFG_MemoryRemapConfig)
    S_DAM_bRead                              0x0800c901   Thumb Code   276  s_dam.o(i.S_DAM_bRead)
    S_DAM_bWrite                             0x0800ca1d   Thumb Code   284  s_dam.o(i.S_DAM_bWrite)
    S_DAM_u32GetLastRecordId                 0x0800cb59   Thumb Code    76  s_dam.o(i.S_DAM_u32GetLastRecordId)
    SystemInit                               0x0800cbad   Thumb Code   110  clock.o(i.SystemInit)
    TEMPCTRL_s16ReadTempValue                0x0800cc99   Thumb Code    16  tempctrl.o(i.TEMPCTRL_s16ReadTempValue)
    TEMPCTRL_u16ReadAdcAvgValue              0x0800ccad   Thumb Code    12  tempctrl.o(i.TEMPCTRL_u16ReadAdcAvgValue)
    TEMPCTRL_vInit                           0x0800ccbd   Thumb Code   166  tempctrl.o(i.TEMPCTRL_vInit)
    TEMPCTRL_vLookUpNtcTemperature           0x0800cd75   Thumb Code   582  tempctrl.o(i.TEMPCTRL_vLookUpNtcTemperature)
    TEMPCTRL_vNtcTempMonitor                 0x0800cfe5   Thumb Code   636  tempctrl.o(i.TEMPCTRL_vNtcTempMonitor)
    TEMPCTRL_vNtcVoltAverage                 0x0800d279   Thumb Code   338  tempctrl.o(i.TEMPCTRL_vNtcVoltAverage)
    TIMECTRL_vInit                           0x0800d485   Thumb Code   314  timectrl.o(i.TIMECTRL_vInit)
    TIMECTRL_vSaveHoursUsed                  0x0800d5c9   Thumb Code   478  timectrl.o(i.TIMECTRL_vSaveHoursUsed)
    TIMER_u8GetUpdateFlg                     0x0800d7d9   Thumb Code    28  timer.o(i.TIMER_u8GetUpdateFlg)
    TIMER_vClearUpdateFlg                    0x0800d7f9   Thumb Code    28  timer.o(i.TIMER_vClearUpdateFlg)
    TIMER_vInit                              0x0800d819   Thumb Code   196  timer.o(i.TIMER_vInit)
    TIM_ClearFlag                            0x0800d8e1   Thumb Code     6  stdperiphdriver.o(i.TIM_ClearFlag)
    TIM_Cmd                                  0x0800d8e9   Thumb Code    24  stdperiphdriver.o(i.TIM_Cmd)
    TIM_CtrlPWMOutputs                       0x0800d905   Thumb Code    34  stdperiphdriver.o(i.TIM_CtrlPWMOutputs)
    TIM_GenerateEvent                        0x0800d927   Thumb Code     4  stdperiphdriver.o(i.TIM_GenerateEvent)
    TIM_GetFlagStatus                        0x0800d92b   Thumb Code    20  stdperiphdriver.o(i.TIM_GetFlagStatus)
    TIM_ITConfig                             0x0800d93f   Thumb Code    20  stdperiphdriver.o(i.TIM_ITConfig)
    TIM_OC1Init                              0x0800d955   Thumb Code   122  stdperiphdriver.o(i.TIM_OC1Init)
    TIM_OC1PreloadConfig                     0x0800d9e9   Thumb Code    20  stdperiphdriver.o(i.TIM_OC1PreloadConfig)
    TIM_OC2Init                              0x0800da01   Thumb Code   142  stdperiphdriver.o(i.TIM_OC2Init)
    TIM_OC2PreloadConfig                     0x0800daad   Thumb Code    20  stdperiphdriver.o(i.TIM_OC2PreloadConfig)
    TIM_OC3Init                              0x0800dac5   Thumb Code   124  stdperiphdriver.o(i.TIM_OC3Init)
    TIM_OC3PreloadConfig                     0x0800db5d   Thumb Code    20  stdperiphdriver.o(i.TIM_OC3PreloadConfig)
    TIM_OC4Init                              0x0800db75   Thumb Code    88  stdperiphdriver.o(i.TIM_OC4Init)
    TIM_OC4PreloadConfig                     0x0800dbe5   Thumb Code    20  stdperiphdriver.o(i.TIM_OC4PreloadConfig)
    TIM_SetCompare1                          0x0800dbfd   Thumb Code     4  stdperiphdriver.o(i.TIM_SetCompare1)
    TIM_SetCompare2                          0x0800dc01   Thumb Code     4  stdperiphdriver.o(i.TIM_SetCompare2)
    TIM_SetCompare3                          0x0800dc05   Thumb Code     4  stdperiphdriver.o(i.TIM_SetCompare3)
    TIM_SetCompare4                          0x0800dc09   Thumb Code     4  stdperiphdriver.o(i.TIM_SetCompare4)
    TIM_TimeBaseInit                         0x0800dc0d   Thumb Code    90  stdperiphdriver.o(i.TIM_TimeBaseInit)
    UARTPRT_vHandleRxData                    0x0800dc89   Thumb Code   368  uartprt.o(i.UARTPRT_vHandleRxData)
    UARTPRT_vHandleTxData                    0x0800de01   Thumb Code   578  uartprt.o(i.UARTPRT_vHandleTxData)
    UARTPRT_vInit                            0x0800e04d   Thumb Code   384  uartprt.o(i.UARTPRT_vInit)
    UARTPRT_vSetBootMode                     0x0800e1e9   Thumb Code    28  uartprt.o(i.UARTPRT_vSetBootMode)
    UARTPRT_vTmOutMon                        0x0800e209   Thumb Code   450  uartprt.o(i.UARTPRT_vTmOutMon)
    UARTPRT_vTxData                          0x0800e3d1   Thumb Code   412  uartprt.o(i.UARTPRT_vTxData)
    UARTPRT_vUsartIrqHandler                 0x0800e585   Thumb Code   350  uartprt.o(i.UARTPRT_vUsartIrqHandler)
    UART_u16UartReadBaudrate                 0x0800e6f1   Thumb Code    16  uart.o(i.UART_u16UartReadBaudrate)
    UART_u8UartReadRxReg                     0x0800e705   Thumb Code    18  uart.o(i.UART_u8UartReadRxReg)
    UART_u8UartReadTxEmptyFlg                0x0800e71d   Thumb Code    20  uart.o(i.UART_u8UartReadTxEmptyFlg)
    UART_vInit                               0x0800e735   Thumb Code   280  uart.o(i.UART_vInit)
    UART_vUartWriteTxReg                     0x0800e861   Thumb Code    14  uart.o(i.UART_vUartWriteTxReg)
    USART1_IRQHandler                        0x0800e875   Thumb Code    32  uart.o(i.USART1_IRQHandler)
    USART2_IRQHandler                        0x0800e8a1   Thumb Code    32  uart.o(i.USART2_IRQHandler)
    USART_ClearITPendingBit                  0x0800e8cd   Thumb Code    18  stdperiphdriver.o(i.USART_ClearITPendingBit)
    USART_Cmd                                0x0800e8df   Thumb Code    24  stdperiphdriver.o(i.USART_Cmd)
    USART_GetITStatus                        0x0800e8f7   Thumb Code    78  stdperiphdriver.o(i.USART_GetITStatus)
    USART_ITConfig                           0x0800e945   Thumb Code    66  stdperiphdriver.o(i.USART_ITConfig)
    USART_Init                               0x0800e989   Thumb Code   226  stdperiphdriver.o(i.USART_Init)
    __ARM_common_switch8                     0x0800ea81   Thumb Code    28  buffer.o(i.__ARM_common_switch8)
    __scatterload_copy                       0x0800ea9d   Thumb Code    14  handlers.o(i.__scatterload_copy)
    __scatterload_null                       0x0800eaab   Thumb Code     2  handlers.o(i.__scatterload_null)
    __scatterload_zeroinit                   0x0800eaad   Thumb Code    14  handlers.o(i.__scatterload_zeroinit)
    main                                     0x0800eabb   Thumb Code    30  main.o(i.main)
    vPMBus_HandleData                        0x080108a9   Thumb Code  2092  pmbus.o(i.vPMBus_HandleData)
    CRC_mg_au8CrcTable                       0x0801141c   Data         256  crc.o(.constdata)
    CRC_mg_au16crc16tab                      0x0801151c   Data         512  crc.o(.constdata)
    PMB_mg_au8I2cRxNumber                    0x08011864   Data         256  pmbus.o(.constdata)
    PMB_mg_au8I2cTxNumber                    0x08011964   Data         256  pmbus.o(.constdata)
    PMB_mg_au8ByteFormatP0                   0x08011a64   Data         256  pmbus.o(.constdata)
    PMB_mg_au8ByteFormatP1                   0x08011b64   Data         256  pmbus.o(.constdata)
    PMB_mg_au8_BOOT_FW_ID                    0x08011c64   Data          11  pmbus.o(.constdata)
    PMB_mg_au8_PROJECT_ID                    0x08011c6f   Data           1  pmbus.o(.constdata)
    TEMPCTRL_mg_au16NtcTable1                0x08011d64   Data         380  tempctrl.o(.constdata)
    Region$$Table$$Base                      0x08011ee0   Number         0  anon$$obj.o(Region$$Table)
    Region$$Table$$Limit                     0x08011f00   Number         0  anon$$obj.o(Region$$Table)
    VectorTable                              0x20000000   Data         192  flash.o(.ARM.__AT_0x20000000)
    mg_u16q12Adc1Buffer                      0x200000d4   Data           8  adc.o(.data)
    mg_u16q12Adc2Buffer                      0x200000dc   Data           8  adc.o(.data)
    mg_u32q12AdcScaleFactPhsA                0x200000e4   Data           4  adc.o(.data)
    mg_u32q12AdcScaleFactPhsB                0x200000e8   Data           4  adc.o(.data)
    mg_u32q12AdcScaleFactCurrIn              0x200000ec   Data           4  adc.o(.data)
    mg_u32q12AdcScaleFactVoltInL             0x200000f0   Data           4  adc.o(.data)
    mg_u32q12AdcScaleFactVoltInN             0x200000f4   Data           4  adc.o(.data)
    mg_u32q12AdcScaleFactVoltIn              0x200000f8   Data           4  adc.o(.data)
    mg_u32q12AdcScaleFactVoltBulk            0x200000fc   Data           4  adc.o(.data)
    mg_u32q12AdcScaleFactVoltRef3V3          0x20000100   Data           4  adc.o(.data)
    mg_u32q12AdcScaleFactVoltNtc1            0x20000104   Data           4  adc.o(.data)
    mg_u32q12AdcScaleFactVoltExt             0x20000108   Data           4  adc.o(.data)
    EEPROMAddress                            0x2000011c   Data           2  eeprom.o(.data)
    EEPROMTimeout                            0x20000120   Data           4  eeprom.o(.data)
    EEPROMDataNum                            0x20000124   Data           2  eeprom.o(.data)
    FLASH_mg_u32Offset                       0x20000128   Data           4  flash.o(.data)
    VectorAdd                                0x2000012c   Data           4  flash.o(.data)
    MUX_INPUT_SIGNAL                         0x20000134   Data           1  rte.o(.data)
    RTE_bPEC_Enable                          0x20000135   Data           1  rte.o(.data)
    RTE_u16Uart1TxDataNbr                    0x20000136   Data           2  rte.o(.data)
    RTE_u16Uart1RxDataNbr                    0x20000138   Data           2  rte.o(.data)
    RTE_u8Uart1TxBufUpdated                  0x2000013a   Data           1  rte.o(.data)
    RTE_u8Uart1RxNewFrame                    0x2000013b   Data           1  rte.o(.data)
    RTE_u8Uart1FrameTmoutFlg                 0x2000013c   Data           1  rte.o(.data)
    RTE_u8Uart1ByteTmoutFlg                  0x2000013d   Data           1  rte.o(.data)
    RTE_u8Uart1TxTmoutFlg                    0x2000013e   Data           1  rte.o(.data)
    RTE_u8Uart1BroadcastFlg                  0x2000013f   Data           1  rte.o(.data)
    RTE_u8Uart1RxCrc                         0x20000140   Data           1  rte.o(.data)
    RTE_uUart1Pri1VinAD                      0x20000142   Data           2  rte.o(.data)
    RTE_uUart1Pri2VinAD                      0x20000144   Data           2  rte.o(.data)
    RTE_uUart1Status                         0x20000146   Data           1  rte.o(.data)
    RTE_uPmbusOperation                      0x20000147   Data           1  rte.o(.data)
    RTE_u16Uart2TxDataNbr                    0x20000148   Data           2  rte.o(.data)
    RTE_u16Uart2RxDataNbr                    0x2000014a   Data           2  rte.o(.data)
    RTE_u8Uart2TxBufUpdated                  0x2000014c   Data           1  rte.o(.data)
    RTE_u8Uart2RxNewFrame                    0x2000014d   Data           1  rte.o(.data)
    RTE_u8Uart2FrameTmoutFlg                 0x2000014e   Data           1  rte.o(.data)
    RTE_u8Uart2ByteTmoutFlg                  0x2000014f   Data           1  rte.o(.data)
    RTE_u8Uart2TxTmoutFlg                    0x20000150   Data           1  rte.o(.data)
    RTE_u8Uart2BroadcastFlg                  0x20000151   Data           1  rte.o(.data)
    RTE_u8Uart2RxCrc                         0x20000152   Data           1  rte.o(.data)
    RTE_uUart2Status                         0x20000153   Data           1  rte.o(.data)
    RTE_uTempOtwStatus                       0x20000154   Data           2  rte.o(.data)
    RTE_uTempOtpStatus                       0x20000156   Data           2  rte.o(.data)
    RTE_uSensorFaultStatus                   0x20000158   Data           2  rte.o(.data)
    RTE_uTempStatus                          0x2000015a   Data           2  rte.o(.data)
    RTE_uDioInStatus                         0x2000015c   Data           2  rte.o(.data)
    RTE_uDioOutStatus                        0x2000015e   Data           2  rte.o(.data)
    RTE_uPsuCtrlStatus                       0x20000160   Data           2  rte.o(.data)
    RTE_uIntcom1Status                       0x20000162   Data           2  rte.o(.data)
    RTE_uIntcom2Status                       0x20000164   Data           2  rte.o(.data)
    RTE_uComToSecStatus                      0x20000166   Data           2  rte.o(.data)
    RTE_uComToPriStatus                      0x20000168   Data           2  rte.o(.data)
    RTE_uComStatus00                         0x2000016a   Data           2  rte.o(.data)
    RTE_uComStatus01                         0x2000016c   Data           2  rte.o(.data)
    RTE_uComStatus02                         0x2000016e   Data           2  rte.o(.data)
    RTE_u16TrimV1Gain                        0x20000170   Data           2  rte.o(.data)
    RTE_u16TrimV1GainOvp                     0x20000172   Data           2  rte.o(.data)
    RTE_u16TrimV1GainAct                     0x20000174   Data           2  rte.o(.data)
    RTE_u16TrimVsbGain                       0x20000176   Data           2  rte.o(.data)
    RTE_u16TrimVsbGainOvp                    0x20000178   Data           2  rte.o(.data)
    RTE_u16TrimVsbGainAct                    0x2000017a   Data           2  rte.o(.data)
    RTE_u16V1CurrentGain                     0x2000017c   Data           2  rte.o(.data)
    RTE_u16IShareGain                        0x2000017e   Data           2  rte.o(.data)
    RTE_u16IShareOfs                         0x20000180   Data           2  rte.o(.data)
    RTE_u16MonCtrlInputType                  0x20000182   Data           2  rte.o(.data)
    RTE_u32PmbusFwRevPri1                    0x20000184   Data           4  rte.o(.data)
    RTE_u32PmbusBootFwRevPri1                0x20000188   Data           4  rte.o(.data)
    RTE_u32PmbusFwRevSec1                    0x2000018c   Data           4  rte.o(.data)
    RTE_u32PmbusBootFwRevSec1                0x20000190   Data           4  rte.o(.data)
    RTE_u32PmbusFwRevPri1Old                 0x20000194   Data           4  rte.o(.data)
    RTE_u32PmbusBootFwRevPri1Old             0x20000198   Data           4  rte.o(.data)
    RTE_u32PmbusFwRevSec1Old                 0x2000019c   Data           4  rte.o(.data)
    RTE_u32PmbusBootFwRevSec1Old             0x200001a0   Data           4  rte.o(.data)
    RTE_u32PmbusFwRevCom                     0x200001a4   Data           4  rte.o(.data)
    RTE_u32PmbusBootFwRevCom                 0x200001a8   Data           4  rte.o(.data)
    RTE_u16ComToPriDebug                     0x200001ac   Data           2  rte.o(.data)
    RTE_u16ComToSecDebug                     0x200001ae   Data           2  rte.o(.data)
    RTE_sV1FaultFlag00                       0x200001b0   Data           2  rte.o(.data)
    RTE_sVsbFaultFlag00                      0x200001b2   Data           2  rte.o(.data)
    RTE_sVoutStateFlag                       0x200001b4   Data           2  rte.o(.data)
    RTE_sSysStateFlag00                      0x200001b6   Data           2  rte.o(.data)
    RTE_u161mAIinAvgAvgPri                   0x200001b8   Data           2  rte.o(.data)
    RTE_u16100mAPinAvgAvgPri                 0x200001ba   Data           2  rte.o(.data)
    RTE_u1610mVIntV1AvgAvgSec                0x200001bc   Data           2  rte.o(.data)
    RTE_u1610mVExtV1AvgAvgSec                0x200001be   Data           2  rte.o(.data)
    RTE_u1610mAIoutAvgAvgSec                 0x200001c0   Data           2  rte.o(.data)
    RTE_u16CaliIout                          0x200001c2   Data           2  rte.o(.data)
    RTE_u8PmbusCommand                       0x200001c4   Data           1  rte.o(.data)
    RTE_u16ComToSecDebug1                    0x200001c6   Data           2  rte.o(.data)
    RTE_u16ComToSecDebug2                    0x200001c8   Data           2  rte.o(.data)
    RTE_u16I2cStatus0                        0x200001ca   Data           2  rte.o(.data)
    RTE_ModelNumber                          0x200001cc   Data          11  rte.o(.data)
    RTE_u8I2cExpTxCnt                        0x200001d7   Data           1  rte.o(.data)
    RTE_u8I2cExpRxCnt                        0x200001d8   Data           1  rte.o(.data)
    RTE_u8I2cRxCnt                           0x200001d9   Data           1  rte.o(.data)
    RTE_u8I2cPECErrCmd                       0x200001da   Data           1  rte.o(.data)
    RTE_u8I2cTxLen                           0x200001db   Data           1  rte.o(.data)
    RTE_u8I2cPEC                             0x200001dc   Data           1  rte.o(.data)
    RTE_u8InputLedState                      0x200001dd   Data           1  rte.o(.data)
    CALI_uStatus                             0x200001de   Data           1  rte.o(.data)
    FANCTRL_uFanStatus12                     0x200001df   Data           1  rte.o(.data)
    FANCTRL_uFanStatus34                     0x200001e0   Data           1  rte.o(.data)
    PMBUS_uOperation                         0x200001e1   Data           1  rte.o(.data)
    PMBUS_uSysStatu0                         0x200001e2   Data           2  rte.o(.data)
    PMBUS_uSysStatu1                         0x200001e4   Data           2  rte.o(.data)
    PMBUS_uDataUpdStatus                     0x200001e6   Data           2  rte.o(.data)
    PMBUS_uDataUpdStatus1                    0x200001e8   Data           2  rte.o(.data)
    RTE_uFanDuty                             0x200001ea   Data           4  rte.o(.data)
    RTE_u16ComDebug                          0x200001ee   Data           8  rte.o(.data)
    RTE_u8AcLineStatus                       0x200001f6   Data           1  rte.o(.data)
    RTE_u16VoutIntVsbFast                    0x200001f8   Data           2  rte.o(.data)
    RTE_u16VoutExtVsbFast                    0x200001fa   Data           2  rte.o(.data)
    RTE_u16IoutVsbFast                       0x200001fc   Data           2  rte.o(.data)
    RTE_u8TempTestIndex                      0x200001fe   Data           1  rte.o(.data)
    RTE_bIsV1OcpTest                         0x200001ff   Data           1  rte.o(.data)
    RTE_bIsVsbOcpTest                        0x20000200   Data           1  rte.o(.data)
    RTE_uFunctionCtrl                        0x20000202   Data           2  rte.o(.data)
    RTE_s16OtWarning                         0x20000204   Data           2  rte.o(.data)
    RTE_uCaliV1Amp                           0x20000206   Data           2  rte.o(.data)
    RTE_uCaliV1Ofs                           0x20000208   Data           2  rte.o(.data)
    RTE_uCaliI1Amp                           0x2000020a   Data           2  rte.o(.data)
    RTE_uCaliI1Ofs                           0x2000020c   Data           2  rte.o(.data)
    ADC_Test                                 0x20000212   Data           2  schm.o(.data)
    mg_u8I2cResetFlag                        0x20000214   Data           2  i2c.o(.data)
    mg_u16SclLowCnt                          0x20000216   Data           4  i2c.o(.data)
    mg_u16SdaLowCnt                          0x2000021a   Data           4  i2c.o(.data)
    mg_u32AsynchPrediv                       0x20000220   Data           4  rtc.o(.data)
    mg_u32SynchPrediv                        0x20000224   Data           4  rtc.o(.data)
    mg_uBlcBoxPageWrDis                      0x2000028e   Data           1  pmbus.o(.data)
    BLABOX_bWriteEEPROMProcessing            0x20000324   Data           1  blabox.o(.data)
    RTE_au8Uart1TxBuf                        0x200003ac   Data         128  rte.o(.bss)
    RTE_au8Uart1RxBuf                        0x2000042c   Data         128  rte.o(.bss)
    RTE_au8Uart2TxBuf                        0x200004ac   Data         128  rte.o(.bss)
    RTE_au8Uart2RxBuf                        0x2000052c   Data         128  rte.o(.bss)
    RTE_sAdjustData                          0x200005ac   Data          12  rte.o(.bss)
    RTE_Pri                                  0x200005b8   Data          40  rte.o(.bss)
    RTE_Sec                                  0x200005e0   Data          30  rte.o(.bss)
    RTE_CALI_sData                           0x200005fe   Data         128  rte.o(.bss)
    RTE_au8MfrData                           0x2000067e   Data         102  rte.o(.bss)
    RTE_au8I2cTxBuf                          0x200006e4   Data         256  rte.o(.bss)
    RTE_au8I2cRxBuf                          0x200007e4   Data         256  rte.o(.bss)
    CALI_sPara                               0x200008e4   Data          14  rte.o(.bss)
    PMBUS_tData                              0x200008f4   Data         184  rte.o(.bss)
    PMBUS_tStatus                            0x200009ac   Data          16  rte.o(.bss)
    PMBUS_tStatusOld                         0x200009bc   Data          16  rte.o(.bss)
    PSMI_tStatus                             0x200009cc   Data          10  rte.o(.bss)
    PSMI_tStatusOld                          0x200009d6   Data          10  rte.o(.bss)
    RTE_s16TempTest                          0x200009e0   Data          10  rte.o(.bss)
    mg_au8UartTxBuf                          0x20000b34   Data         256  uartprt.o(.bss)
    mg_au8BlackBoxData                       0x20000e54   Data         235  pmbus.o(.bss)
    mg_au8BBVinUVPData                       0x20000f3f   Data         235  pmbus.o(.bss)
    mg_sVsbMonitor                           0x20001046   Data          26  monctrl.o(.bss)
    mg_sV1Monitor                            0x20001060   Data          24  monctrl.o(.bss)
    __initial_sp                             0x20001558   Data           0  startup_stm32f0xx.o(STACK)



==============================================================================

Memory Map of the image

  Image Entry point : 0x080040d1

  Load Region LR_IROM1 (Base: 0x08004000, Size: 0x0000e178, Max: 0x0000f7ff, ABSOLUTE, COMPRESSED[0x0000df48])

    Execution Region ER_IROM1 (Exec base: 0x08004000, Load base: 0x08004000, Size: 0x0000df00, Max: 0x0000f7ff, ABSOLUTE)

    Exec Addr    Load Addr    Size         Type   Attr      Idx    E Section Name        Object

    0x08004000   0x08004000   0x00000010   Data   RO         3589    .ARM.__AT_0x08004000  flash.o
    0x08004010   0x08004010   0x000000c0   Data   RO         3303    RESET               startup_stm32f0xx.o
    0x080040d0   0x080040d0   0x00000000   Code   RO         6629  * .ARM.Collect$$$$00000000  mc_p.l(entry.o)
    0x080040d0   0x080040d0   0x00000004   Code   RO         6642    .ARM.Collect$$$$00000001  mc_p.l(entry2.o)
    0x080040d4   0x080040d4   0x00000004   Code   RO         6645    .ARM.Collect$$$$00000004  mc_p.l(entry5.o)
    0x080040d8   0x080040d8   0x00000000   Code   RO         6647    .ARM.Collect$$$$00000008  mc_p.l(entry7b.o)
    0x080040d8   0x080040d8   0x00000000   Code   RO         6649    .ARM.Collect$$$$0000000A  mc_p.l(entry8b.o)
    0x080040d8   0x080040d8   0x00000008   Code   RO         6650    .ARM.Collect$$$$0000000B  mc_p.l(entry9a.o)
    0x080040e0   0x080040e0   0x00000000   Code   RO         6652    .ARM.Collect$$$$0000000D  mc_p.l(entry10a.o)
    0x080040e0   0x080040e0   0x00000000   Code   RO         6654    .ARM.Collect$$$$0000000F  mc_p.l(entry11a.o)
    0x080040e0   0x080040e0   0x00000004   Code   RO         6643    .ARM.Collect$$$$00002712  mc_p.l(entry2.o)
    0x080040e4   0x080040e4   0x0000001c   Code   RO         3304    .text               startup_stm32f0xx.o
    0x08004100   0x08004100   0x0000002c   Code   RO         6632    .text               mc_p.l(uidiv.o)
    0x0800412c   0x0800412c   0x00000028   Code   RO         6634    .text               mc_p.l(idiv.o)
    0x08004154   0x08004154   0x00000024   Code   RO         6659    .text               mc_p.l(init.o)
    0x08004178   0x08004178   0x00000056   Code   RO         6669    .text               mc_p.l(__dczerorl2.o)
    0x080041ce   0x080041ce   0x00000018   Code   RO            8    i.ADC_ChannelConfig  stdperiphdriver.o
    0x080041e6   0x080041e6   0x00000018   Code   RO           12    i.ADC_Cmd           stdperiphdriver.o
    0x080041fe   0x080041fe   0x00000018   Code   RO           14    i.ADC_DMACmd        stdperiphdriver.o
    0x08004216   0x08004216   0x00000010   Code   RO           15    i.ADC_DMARequestModeConfig  stdperiphdriver.o
    0x08004226   0x08004226   0x00000002   PAD
    0x08004228   0x08004228   0x00000020   Code   RO           16    i.ADC_DeInit        stdperiphdriver.o
    0x08004248   0x08004248   0x0000003c   Code   RO           18    i.ADC_GetCalibrationFactor  stdperiphdriver.o
    0x08004284   0x08004284   0x00000030   Code   RO           20    i.ADC_GetFlagStatus  stdperiphdriver.o
    0x080042b4   0x080042b4   0x0000002c   Code   RO           23    i.ADC_Init          stdperiphdriver.o
    0x080042e0   0x080042e0   0x0000000a   Code   RO           26    i.ADC_StartOfConversion  stdperiphdriver.o
    0x080042ea   0x080042ea   0x00000010   Code   RO           28    i.ADC_StructInit    stdperiphdriver.o
    0x080042fa   0x080042fa   0x00000002   PAD
    0x080042fc   0x080042fc   0x000000e8   Code   RO         3311    i.ADC_vInit         adc.o
    0x080043e4   0x080043e4   0x00000010   Code   RO         3312    i.ADC_vReadRaw      adc.o
    0x080043f4   0x080043f4   0x00000010   Code   RO         6380    i.BLABOX_Rte_Read_B_R_AC_POWER_FAULT  blabox.o
    0x08004404   0x08004404   0x00000010   Code   RO         6381    i.BLABOX_Rte_Read_B_R_AUX_MODE  blabox.o
    0x08004414   0x08004414   0x0000001e   Code   RO         6382    i.BLABOX_Rte_Read_B_R_FAN_WARN  blabox.o
    0x08004432   0x08004432   0x00000002   PAD
    0x08004434   0x08004434   0x00000034   Code   RO         6383    i.BLABOX_Rte_Read_B_R_IOUT_OC_FAULT  blabox.o
    0x08004468   0x08004468   0x00000010   Code   RO         6384    i.BLABOX_Rte_Read_B_R_IOUT_WARN  blabox.o
    0x08004478   0x08004478   0x00000028   Code   RO         6385    i.BLABOX_Rte_Read_B_R_LOSS_INPUT  blabox.o
    0x080044a0   0x080044a0   0x00000030   Code   RO         6386    i.BLABOX_Rte_Read_B_R_OT_FAULT  blabox.o
    0x080044d0   0x080044d0   0x00000014   Code   RO         6387    i.BLABOX_Rte_Read_B_R_PSON_FAULT  blabox.o
    0x080044e4   0x080044e4   0x00000010   Code   RO         6388    i.BLABOX_Rte_Read_B_R_TEMP_WARN  blabox.o
    0x080044f4   0x080044f4   0x0000004a   Code   RO         6389    i.BLABOX_SCFG_Read  blabox.o
    0x0800453e   0x0800453e   0x00000042   Code   RO         6390    i.BLABOX_SCFG_Write  blabox.o
    0x08004580   0x08004580   0x0000000c   Code   RO         6391    i.BLABOX_SCFG_u16Getlenght  blabox.o
    0x0800458c   0x0800458c   0x0000000a   Code   RO         6392    i.BLABOX_SCFG_u32GetLastRecordId  blabox.o
    0x08004596   0x08004596   0x00000002   PAD
    0x08004598   0x08004598   0x0000005c   Code   RO         6393    i.BLABOX_vClearFault  blabox.o
    0x080045f4   0x080045f4   0x000000e0   Code   RO         6394    i.BLABOX_vClearWarning  blabox.o
    0x080046d4   0x080046d4   0x00000028   Code   RO         6395    i.BLABOX_vCountRealTimeClockDataSystemBlackbox  blabox.o
    0x080046fc   0x080046fc   0x000000a8   Code   RO         6398    i.BLABOX_vInit      blabox.o
    0x080047a4   0x080047a4   0x0000004c   Code   RO         6400    i.BLABOX_vMFR_CheckACBlackBox  blabox.o
    0x080047f0   0x080047f0   0x0000004c   Code   RO         6401    i.BLABOX_vMFR_CheckPSONBlackBox  blabox.o
    0x0800483c   0x0800483c   0x0000005c   Code   RO         6402    i.BLABOX_vMFR_ClearBlackBox  blabox.o
    0x08004898   0x08004898   0x0000004c   Code   RO         6403    i.BLABOX_vMFR_SystemBlackBox  blabox.o
    0x080048e4   0x080048e4   0x00000090   Code   RO         6404    i.BLABOX_vMFR_TimePSONBlackBox  blabox.o
    0x08004974   0x08004974   0x000006b8   Code   RO         6405    i.BLABOX_vProcessBlackbox  blabox.o
    0x0800502c   0x0800502c   0x00000020   Code   RO         6406    i.BLABOX_vSetEnableBlackbox  blabox.o
    0x0800504c   0x0800504c   0x0000000c   Code   RO         6407    i.BLABOX_vSetRealTimeClockDataSystemBlackbox  blabox.o
    0x08005058   0x08005058   0x00000048   Code   RO         3367    i.BUFFER_SCB_vInit  buffer.o
    0x080050a0   0x080050a0   0x0000007c   Code   RO         3368    i.BUFFER_SCB_vLoop10msTask  buffer.o
    0x0800511c   0x0800511c   0x00000078   Code   RO         3369    i.BUFFER_SCB_vLoop1msTask  buffer.o
    0x08005194   0x08005194   0x00000094   Code   RO         3370    i.BUFFER_SCFG_vReadValue  buffer.o
    0x08005228   0x08005228   0x00000020   Code   RO         3371    i.BUFFER_u16GetMean10ms  buffer.o
    0x08005248   0x08005248   0x00000020   Code   RO         3372    i.BUFFER_u16GetMean1ms  buffer.o
    0x08005268   0x08005268   0x00000010   Code   RO         4290    i.CALI_Rte_Read_B_R_VIN_OK  cali.o
    0x08005278   0x08005278   0x0000000c   Code   RO         4291    i.CALI_Rte_Read_R_u1610mAIoutAvg  cali.o
    0x08005284   0x08005284   0x00000010   Code   RO         4292    i.CALI_SCFG_u8GetCrc8  cali.o
    0x08005294   0x08005294   0x000000b4   Code   RO         4293    i.CALI_vCalcCaliPara  cali.o
    0x08005348   0x08005348   0x0000008c   Code   RO         4294    i.CALI_vCaliFast    cali.o
    0x080053d4   0x080053d4   0x000000c4   Code   RO         4295    i.CALI_vCaliHandler  cali.o
    0x08005498   0x08005498   0x0000005c   Code   RO         4296    i.CALI_vCalibrateIShare  cali.o
    0x080054f4   0x080054f4   0x00000008   Code   RO         4298    i.CALI_vCalibrateV1  cali.o
    0x080054fc   0x080054fc   0x0000006c   Code   RO         4300    i.CALI_vInit        cali.o
    0x08005568   0x08005568   0x00000008   Code   RO         3439    i.CLOCK_vInit       clock.o
    0x08005570   0x08005570   0x00000020   Code   RO         4127    i.CRC_u16GetCrc16   crc.o
    0x08005590   0x08005590   0x00000014   Code   RO         4128    i.CRC_u8GetCrc8     crc.o
    0x080055a4   0x080055a4   0x00000002   Code   RO         4130    i.CRC_vInit         crc.o
    0x080055a6   0x080055a6   0x00000002   PAD
    0x080055a8   0x080055a8   0x0000001c   Code   RO          139    i.DMA_Cmd           stdperiphdriver.o
    0x080055c4   0x080055c4   0x00000164   Code   RO          140    i.DMA_DeInit        stdperiphdriver.o
    0x08005728   0x08005728   0x00000040   Code   RO          145    i.DMA_Init          stdperiphdriver.o
    0x08005768   0x08005768   0x000002d8   Code   RO         3499    i.EEPROM_u32ReadBuffer  eeprom.o
    0x08005a40   0x08005a40   0x0000007c   Code   RO         3500    i.EEPROM_u32WaitEepromStandbyState  eeprom.o
    0x08005abc   0x08005abc   0x00000258   Code   RO         3501    i.EEPROM_u32WriteBuffer  eeprom.o
    0x08005d14   0x08005d14   0x00000144   Code   RO         3502    i.EEPROM_u32WritePage  eeprom.o
    0x08005e58   0x08005e58   0x0000000c   Code   RO         3504    i.EEPROM_vInit      eeprom.o
    0x08005e64   0x08005e64   0x00000010   Code   RO         5480    i.FANCTRL_RTE_Read_B_R_SYS_UNLOCK  fanctrl.o
    0x08005e74   0x08005e74   0x000001aa   Code   RO         5481    i.FANCTRL_Rte_Read_R_s32TempDiff  fanctrl.o
    0x0800601e   0x0800601e   0x0000000a   Code   RO         5482    i.FANCTRL_SCFG_s16ReadAmbTemp  fanctrl.o
    0x08006028   0x08006028   0x0000000a   Code   RO         5483    i.FANCTRL_SCFG_s16ReadOutTemp  fanctrl.o
    0x08006032   0x08006032   0x0000000a   Code   RO         5484    i.FANCTRL_SCFG_s16ReadPriLlc  fanctrl.o
    0x0800603c   0x0800603c   0x0000000a   Code   RO         5485    i.FANCTRL_SCFG_s16ReadPriPfc  fanctrl.o
    0x08006046   0x08006046   0x0000000a   Code   RO         5486    i.FANCTRL_SCFG_s16ReadSecRecdiode  fanctrl.o
    0x08006050   0x08006050   0x00000020   Code   RO         5491    i.FANCTRL_u16ReadFanCtrlDuty  fanctrl.o
    0x08006070   0x08006070   0x00000020   Code   RO         5492    i.FANCTRL_u16ReadFanSpeed  fanctrl.o
    0x08006090   0x08006090   0x00000020   Code   RO         5493    i.FANCTRL_u8ReadFanBitFail  fanctrl.o
    0x080060b0   0x080060b0   0x00000020   Code   RO         5495    i.FANCTRL_u8ReadFanBitWarn  fanctrl.o
    0x080060d0   0x080060d0   0x0000002c   Code   RO         5496    i.FANCTRL_u8WriteFanBitFail  fanctrl.o
    0x080060fc   0x080060fc   0x0000002c   Code   RO         5497    i.FANCTRL_u8WriteFanBitWarn  fanctrl.o
    0x08006128   0x08006128   0x00000088   Code   RO         5499    i.FANCTRL_vFanCtrl  fanctrl.o
    0x080061b0   0x080061b0   0x00000170   Code   RO         5500    i.FANCTRL_vFanSpeedCalc  fanctrl.o
    0x08006320   0x08006320   0x000000a0   Code   RO         5501    i.FANCTRL_vInit     fanctrl.o
    0x080063c0   0x080063c0   0x0000000c   Code   RO         5502    i.FANCTRL_vSetFanBlockTest  fanctrl.o
    0x080063cc   0x080063cc   0x00000014   Code   RO         5503    i.FANCTRL_vSysSetFanCtrlDuty  fanctrl.o
    0x080063e0   0x080063e0   0x0000004c   Code   RO          159    i.FLASH_ErasePage   stdperiphdriver.o
    0x0800642c   0x0800642c   0x0000003c   Code   RO          162    i.FLASH_GetStatus   stdperiphdriver.o
    0x08006468   0x08006468   0x00000014   Code   RO          164    i.FLASH_Lock        stdperiphdriver.o
    0x0800647c   0x0800647c   0x00000044   Code   RO          183    i.FLASH_ProgramHalfWord  stdperiphdriver.o
    0x080064c0   0x080064c0   0x0000006c   Code   RO          184    i.FLASH_ProgramWord  stdperiphdriver.o
    0x0800652c   0x0800652c   0x00000024   Code   RO          186    i.FLASH_Unlock      stdperiphdriver.o
    0x08006550   0x08006550   0x00000028   Code   RO          187    i.FLASH_WaitForLastOperation  stdperiphdriver.o
    0x08006578   0x08006578   0x00000010   Code   RO         3576    i.FLASH_u32BootloaderFwVer  flash.o
    0x08006588   0x08006588   0x00000018   Code   RO         3577    i.FLASH_u32ReadWordFlash  flash.o
    0x080065a0   0x080065a0   0x00000022   Code   RO         3580    i.FLASH_u8ErasePageFlash  flash.o
    0x080065c2   0x080065c2   0x00000028   Code   RO         3582    i.FLASH_u8WriteHalfWordFlash  flash.o
    0x080065ea   0x080065ea   0x00000028   Code   RO         3583    i.FLASH_u8WriteWordFlash  flash.o
    0x08006612   0x08006612   0x00000002   Code   RO         3585    i.FLASH_vInit       flash.o
    0x08006614   0x08006614   0x00000040   Code   RO         3586    i.FLASH_vRemapVectorTable  flash.o
    0x08006654   0x08006654   0x00000090   Code   RO          189    i.GPIO_Init         stdperiphdriver.o
    0x080066e4   0x080066e4   0x00000044   Code   RO          190    i.GPIO_PinAFConfig  stdperiphdriver.o
    0x08006728   0x08006728   0x00000014   Code   RO          193    i.GPIO_ReadInputDataBit  stdperiphdriver.o
    0x0800673c   0x0800673c   0x0000001c   Code   RO         4922    i.HWIO_RTE_Write_B_P_54V_FAULT_ACTIVE  hwio.o
    0x08006758   0x08006758   0x0000001c   Code   RO         4923    i.HWIO_RTE_Write_B_P_I2C_ADDRESS0  hwio.o
    0x08006774   0x08006774   0x0000001c   Code   RO         4924    i.HWIO_RTE_Write_B_P_I2C_ADDRESS1  hwio.o
    0x08006790   0x08006790   0x0000001c   Code   RO         4925    i.HWIO_RTE_Write_B_P_PSON_ACTIVE  hwio.o
    0x080067ac   0x080067ac   0x00000020   Code   RO         4926    i.HWIO_RTE_Write_B_P_VINOK_ENA  hwio.o
    0x080067cc   0x080067cc   0x0000001c   Code   RO         4927    i.HWIO_RTE_Write_B_P_VIN_OK_ACTIVE  hwio.o
    0x080067e8   0x080067e8   0x00000010   Code   RO         4928    i.HWIO_Rte_Read_B_R_COM_VIN_OK  hwio.o
    0x080067f8   0x080067f8   0x00000010   Code   RO         4929    i.HWIO_Rte_Read_B_R_OUTPUT_OK  hwio.o
    0x08006808   0x08006808   0x00000010   Code   RO         4930    i.HWIO_Rte_Read_B_R_SMBALLERT_ST  hwio.o
    0x08006818   0x08006818   0x00000010   Code   RO         4931    i.HWIO_Rte_Read_B_R_V1_ON  hwio.o
    0x08006828   0x08006828   0x00000010   Code   RO         4932    i.HWIO_Rte_Read_B_R_VIN_LINE_LOW  hwio.o
    0x08006838   0x08006838   0x00000010   Code   RO         4933    i.HWIO_Rte_Read_B_R_VIN_OK  hwio.o
    0x08006848   0x08006848   0x00000002   Code   RO         4934    i.HWIO_vCheckBootLoaderExistFlg  hwio.o
    0x0800684a   0x0800684a   0x00000002   Code   RO         4937    i.HWIO_vInit        hwio.o
    0x0800684c   0x0800684c   0x0000021c   Code   RO         4938    i.HWIO_vReadGpioPort  hwio.o
    0x08006a68   0x08006a68   0x00000160   Code   RO         4939    i.HWIO_vSetGpioPort  hwio.o
    0x08006bc8   0x08006bc8   0x000002b0   Code   RO         4601    i.I2C1_IRQHandler   i2cprt.o
    0x08006e78   0x08006e78   0x00000010   Code   RO         4602    i.I2CPRT_RTE_Read_B_R_PEC_ERR_FLG  i2cprt.o
    0x08006e88   0x08006e88   0x00000020   Code   RO         4603    i.I2CPRT_RTE_Write_B_P_CMD_WAIT_FLG  i2cprt.o
    0x08006ea8   0x08006ea8   0x00000020   Code   RO         4604    i.I2CPRT_RTE_Write_B_P_PEC_CHANGE_FLG  i2cprt.o
    0x08006ec8   0x08006ec8   0x00000020   Code   RO         4605    i.I2CPRT_RTE_Write_B_P_PEC_ERR_FLG  i2cprt.o
    0x08006ee8   0x08006ee8   0x0000000c   Code   RO         4606    i.I2CPRT_Rte_Read_R_u8I2cPEC  i2cprt.o
    0x08006ef4   0x08006ef4   0x0000000c   Code   RO         4607    i.I2CPRT_Rte_Read_R_u8I2cRxCnt  i2cprt.o
    0x08006f00   0x08006f00   0x0000000c   Code   RO         4608    i.I2CPRT_Rte_Write_P_u8I2cExpRxCnt  i2cprt.o
    0x08006f0c   0x08006f0c   0x0000000c   Code   RO         4609    i.I2CPRT_Rte_Write_P_u8I2cExpTxCnt  i2cprt.o
    0x08006f18   0x08006f18   0x0000000c   Code   RO         4610    i.I2CPRT_Rte_Write_P_u8I2cPEC  i2cprt.o
    0x08006f24   0x08006f24   0x0000000c   Code   RO         4611    i.I2CPRT_Rte_Write_P_u8I2cRxCnt  i2cprt.o
    0x08006f30   0x08006f30   0x0000000c   Code   RO         4612    i.I2CPRT_Rte_Write_P_u8I2cTxLen  i2cprt.o
    0x08006f3c   0x08006f3c   0x0000000c   Code   RO         4613    i.I2CPRT_Rte_Write_P_u8PecErrCmd  i2cprt.o
    0x08006f48   0x08006f48   0x0000000c   Code   RO         4614    i.I2CPRT_Rte_Write_P_u8TxBuf  i2cprt.o
    0x08006f54   0x08006f54   0x00000010   Code   RO         4615    i.I2CPRT_SCFG_eGetRxSTOPFlg  i2cprt.o
    0x08006f64   0x08006f64   0x00000010   Code   RO         4616    i.I2CPRT_SCFG_u8GetCrc8  i2cprt.o
    0x08006f74   0x08006f74   0x00000074   Code   RO         4618    i.I2CPRT_vInit      i2cprt.o
    0x08006fe8   0x08006fe8   0x00000124   Code   RO         4619    i.I2CPRT_vProcessReceiveData  i2cprt.o
    0x0800710c   0x0800710c   0x00000004   Code   RO          206    i.I2C_ClearFlag     stdperiphdriver.o
    0x08007110   0x08007110   0x00000004   Code   RO          207    i.I2C_ClearITPendingBit  stdperiphdriver.o
    0x08007114   0x08007114   0x00000018   Code   RO          209    i.I2C_Cmd           stdperiphdriver.o
    0x0800712c   0x0800712c   0x0000001c   Code   RO          215    i.I2C_GenerateSTART  stdperiphdriver.o
    0x08007148   0x08007148   0x0000001c   Code   RO          218    i.I2C_GetFlagStatus  stdperiphdriver.o
    0x08007164   0x08007164   0x0000001e   Code   RO          221    i.I2C_GetTransferDirection  stdperiphdriver.o
    0x08007182   0x08007182   0x00000014   Code   RO          222    i.I2C_ITConfig      stdperiphdriver.o
    0x08007196   0x08007196   0x00000002   PAD
    0x08007198   0x08007198   0x0000006c   Code   RO          224    i.I2C_Init          stdperiphdriver.o
    0x08007204   0x08007204   0x00000008   Code   RO          230    i.I2C_ReceiveData   stdperiphdriver.o
    0x0800720c   0x0800720c   0x00000004   Code   RO          233    i.I2C_SendData      stdperiphdriver.o
    0x08007210   0x08007210   0x00000014   Code   RO          236    i.I2C_SoftwareResetCmd  stdperiphdriver.o
    0x08007224   0x08007224   0x0000001c   Code   RO          238    i.I2C_StretchClockCmd  stdperiphdriver.o
    0x08007240   0x08007240   0x0000002c   Code   RO          242    i.I2C_TransferHandling  stdperiphdriver.o
    0x0800726c   0x0800726c   0x00000018   Code   RO         4177    i.I2C_vClearTimeoutCnt  i2c.o
    0x08007284   0x08007284   0x00000034   Code   RO         4179    i.I2C_vDisableNvicInt  i2c.o
    0x080072b8   0x080072b8   0x00000034   Code   RO         4180    i.I2C_vEnableNvicInt  i2c.o
    0x080072ec   0x080072ec   0x00000118   Code   RO         4181    i.I2C_vI2cTimeOutHandler  i2c.o
    0x08007404   0x08007404   0x0000006c   Code   RO         4182    i.I2C_vInit         i2c.o
    0x08007470   0x08007470   0x00000010   Code   RO         6270    i.INTCOM_RTE_Read_B_R_VIN_OK_ACTIVE  intcom.o
    0x08007480   0x08007480   0x00000010   Code   RO         5637    i.INTCOM_RTE_Read_B_R_VIN_OK_PRI  monctrl.o
    0x08007490   0x08007490   0x0000001c   Code   RO         6271    i.INTCOM_RTE_Write_B_P_COMMS_FAULT  intcom.o
    0x080074ac   0x080074ac   0x0000001c   Code   RO         6272    i.INTCOM_RTE_Write_B_P_PRI_NO_RX_PKG  intcom.o
    0x080074c8   0x080074c8   0x00000020   Code   RO         6273    i.INTCOM_RTE_Write_B_P_PRI_RX_PKG  intcom.o
    0x080074e8   0x080074e8   0x00000018   Code   RO         6274    i.INTCOM_RTE_Write_B_P_PRI_UART_FAIL  intcom.o
    0x08007500   0x08007500   0x0000001c   Code   RO         6275    i.INTCOM_RTE_Write_B_P_SEC_NO_RX_PKG  intcom.o
    0x0800751c   0x0800751c   0x00000018   Code   RO         6276    i.INTCOM_RTE_Write_B_P_SEC_UART_FAIL  intcom.o
    0x08007534   0x08007534   0x0000001c   Code   RO         6277    i.INTCOM_Rte_Write_B_P_V1_OCP  intcom.o
    0x08007550   0x08007550   0x0000000c   Code   RO         6278    i.INTCOM_Rte_Write_P_u16FanCnt  intcom.o
    0x0800755c   0x0800755c   0x000003d4   Code   RO         6279    i.INTCOM_vCom1RxData  intcom.o
    0x08007930   0x08007930   0x00000104   Code   RO         6280    i.INTCOM_vCom1TxData  intcom.o
    0x08007a34   0x08007a34   0x0000036c   Code   RO         6281    i.INTCOM_vCom2RxData  intcom.o
    0x08007da0   0x08007da0   0x000001ac   Code   RO         6282    i.INTCOM_vCom2TxData  intcom.o
    0x08007f4c   0x08007f4c   0x00000018   Code   RO         6284    i.INTCOM_vInit      intcom.o
    0x08007f64   0x08007f64   0x00000070   Code   RO         6285    i.INTCOM_vTmOutMon  intcom.o
    0x08007fd4   0x08007fd4   0x00000010   Code   RO         6106    i.LEDCTRL_RTE_Read_B_R_Aux_Mode  ledctrl.o
    0x08007fe4   0x08007fe4   0x00000010   Code   RO         6107    i.LEDCTRL_RTE_Read_B_R_V1_OCP  ledctrl.o
    0x08007ff4   0x08007ff4   0x00000010   Code   RO         6108    i.LEDCTRL_RTE_Read_B_R_V1_OVP  ledctrl.o
    0x08008004   0x08008004   0x00000010   Code   RO         6109    i.LEDCTRL_RTE_Read_B_R_V1_UVP  ledctrl.o
    0x08008014   0x08008014   0x00000010   Code   RO         6110    i.LEDCTRL_RTE_Read_B_R_VIN_OK  ledctrl.o
    0x08008024   0x08008024   0x0000000c   Code   RO         6111    i.LEDCTRL_SCFG_vSetInREDOff  ledctrl.o
    0x08008030   0x08008030   0x0000000c   Code   RO         6112    i.LEDCTRL_SCFG_vSetInREDOn  ledctrl.o
    0x0800803c   0x0800803c   0x00000002   Code   RO         6114    i.LEDCTRL_vInit     ledctrl.o
    0x0800803e   0x0800803e   0x00000002   PAD
    0x08008040   0x08008040   0x00000188   Code   RO         6115    i.LEDCTRL_vLedControl  ledctrl.o
    0x080081c8   0x080081c8   0x00000010   Code   RO         4747    i.MEM_SCFG_u8GetCrc8  mem.o
    0x080081d8   0x080081d8   0x00000014   Code   RO         4748    i.MEM_SCFG_vReadMem  mem.o
    0x080081ec   0x080081ec   0x00000014   Code   RO         4749    i.MEM_SCFG_vWriteMem  mem.o
    0x08008200   0x08008200   0x00000010   Code   RO         4751    i.MEM_u16Getlenght  mem.o
    0x08008210   0x08008210   0x00000014   Code   RO         4753    i.MEM_vInit         mem.o
    0x08008224   0x08008224   0x0000002a   Code   RO         4754    i.MEM_vRead2EEPORM  mem.o
    0x0800824e   0x0800824e   0x00000002   PAD
    0x08008250   0x08008250   0x00000024   Code   RO         4756    i.MEM_vReadFromMem  mem.o
    0x08008274   0x08008274   0x00000058   Code   RO         4757    i.MEM_vSaveData     mem.o
    0x080082cc   0x080082cc   0x0000002a   Code   RO         4758    i.MEM_vWrite2EEPORM  mem.o
    0x080082f6   0x080082f6   0x00000002   PAD
    0x080082f8   0x080082f8   0x00000020   Code   RO         4760    i.MEM_vWriteToMem   mem.o
    0x08008318   0x08008318   0x00000010   Code   RO         5638    i.MONCTRL_RTE_Read_B_R_NO_VIN  monctrl.o
    0x08008328   0x08008328   0x00000010   Code   RO         5639    i.MONCTRL_RTE_Read_B_R_REMOTE_ON  monctrl.o
    0x08008338   0x08008338   0x00000010   Code   RO         5640    i.MONCTRL_RTE_Read_B_R_VIN_OV  monctrl.o
    0x08008348   0x08008348   0x00000010   Code   RO         5641    i.MONCTRL_RTE_Read_B_R_VIN_UV  monctrl.o
    0x08008358   0x08008358   0x00000010   Code   RO         5642    i.MONCTRL_RTE_Read_B_R_VSB_MONI_EN  monctrl.o
    0x08008368   0x08008368   0x00000010   Code   RO         5643    i.MONCTRL_RTE_Read_B_R_VSB_ON_DIO  monctrl.o
    0x08008378   0x08008378   0x0000000c   Code   RO         5644    i.MONCTRL_RTE_Read_R_vVsbLinear  monctrl.o
    0x08008384   0x08008384   0x00000020   Code   RO         5645    i.MONCTRL_RTE_Write_B_P_ANY_NTC_FAULT  monctrl.o
    0x080083a4   0x080083a4   0x0000001c   Code   RO         5646    i.MONCTRL_RTE_Write_B_P_CLEAR_LATCH_FAULT  monctrl.o
    0x080083c0   0x080083c0   0x0000001c   Code   RO         5647    i.MONCTRL_RTE_Write_B_P_NO_VIN  monctrl.o
    0x080083dc   0x080083dc   0x0000001c   Code   RO         5648    i.MONCTRL_RTE_Write_B_P_REMOTE_ON  monctrl.o
    0x080083f8   0x080083f8   0x00000020   Code   RO         5649    i.MONCTRL_RTE_Write_B_P_VIN_OCW  monctrl.o
    0x08008418   0x08008418   0x0000001c   Code   RO         5650    i.MONCTRL_RTE_Write_B_P_VIN_OK  monctrl.o
    0x08008434   0x08008434   0x00000020   Code   RO         5651    i.MONCTRL_RTE_Write_B_P_VIN_OV  monctrl.o
    0x08008454   0x08008454   0x00000020   Code   RO         5652    i.MONCTRL_RTE_Write_B_P_VIN_UV  monctrl.o
    0x08008474   0x08008474   0x00000020   Code   RO         5653    i.MONCTRL_RTE_Write_B_P_VIN_UVW  monctrl.o
    0x08008494   0x08008494   0x00000018   Code   RO         5654    i.MONCTRL_RTE_Write_B_P_VSB_LATCH  monctrl.o
    0x080084ac   0x080084ac   0x0000001c   Code   RO         5655    i.MONCTRL_RTE_Write_B_P_VSB_OCP  monctrl.o
    0x080084c8   0x080084c8   0x0000001c   Code   RO         5656    i.MONCTRL_RTE_Write_B_P_VSB_OCW  monctrl.o
    0x080084e4   0x080084e4   0x0000001c   Code   RO         5657    i.MONCTRL_RTE_Write_B_P_VSB_OVP  monctrl.o
    0x08008500   0x08008500   0x0000001c   Code   RO         5658    i.MONCTRL_RTE_Write_B_P_VSB_OVW  monctrl.o
    0x0800851c   0x0800851c   0x0000001c   Code   RO         5659    i.MONCTRL_RTE_Write_B_P_VSB_UVP  monctrl.o
    0x08008538   0x08008538   0x0000001c   Code   RO         5660    i.MONCTRL_RTE_Write_B_P_VSB_UVW  monctrl.o
    0x08008554   0x08008554   0x0000000c   Code   RO         5661    i.MONCTRL_RTE_Write_P_u8AcLineStatus  monctrl.o
    0x08008560   0x08008560   0x00000020   Code   RO         4761    i.MONCTRL_Rte_Write_B_P_AC_OFFSET_SAVEED  mem.o
    0x08008580   0x08008580   0x00000020   Code   RO         5662    i.MONCTRL_Rte_Write_B_P_STB_MODE  monctrl.o
    0x080085a0   0x080085a0   0x0000000c   Code   RO         4762    i.MONCTRL_Rte_Write_P_u16TrimV1Gain  mem.o
    0x080085ac   0x080085ac   0x0000000c   Code   RO         4763    i.MONCTRL_Rte_Write_P_u16TrimV1GainAct  mem.o
    0x080085b8   0x080085b8   0x0000000c   Code   RO         4764    i.MONCTRL_Rte_Write_P_u16TrimVsbGain  mem.o
    0x080085c4   0x080085c4   0x00000090   Code   RO         5663    i.MONCTRL_vAxuModeDetect  monctrl.o
    0x08008654   0x08008654   0x00000198   Code   RO         5664    i.MONCTRL_vCheckStatusReset  monctrl.o
    0x080087ec   0x080087ec   0x00000068   Code   RO         5665    i.MONCTRL_vCheckVsbOvp  monctrl.o
    0x08008854   0x08008854   0x00000020   Code   RO         5668    i.MONCTRL_vInit     monctrl.o
    0x08008874   0x08008874   0x00000140   Code   RO         5669    i.MONCTRL_vUpdateStatus  monctrl.o
    0x080089b4   0x080089b4   0x00000374   Code   RO         5670    i.MONCTRL_vVin      monctrl.o
    0x08008d28   0x08008d28   0x000002f0   Code   RO         5671    i.MONCTRL_vVsbOutput  monctrl.o
    0x08009018   0x08009018   0x00000070   Code   RO          253    i.NVIC_Init         stdperiphdriver.o
    0x08009088   0x08009088   0x00000010   Code   RO         5233    i.PMBUS_Rte_Read_B_R_V1_OCP  pmbus.o
    0x08009098   0x08009098   0x0000000c   Code   RO         5234    i.PMBUS_Rte_Read_R_u8PMBusCmd  pmbus.o
    0x080090a4   0x080090a4   0x0000000c   Code   RO         5235    i.PMBUS_Rte_Write_P_u8TempTestIndex  pmbus.o
    0x080090b0   0x080090b0   0x0000000c   Code   RO         5236    i.PMBUS_SCFG_u16ReadFanSpeed  pmbus.o
    0x080090bc   0x080090bc   0x0000000c   Code   RO         5237    i.PMBUS_SCFG_u8ReadFanBitFail  pmbus.o
    0x080090c8   0x080090c8   0x0000000c   Code   RO         5238    i.PMBUS_SCFG_u8ReadFanBitWarn  pmbus.o
    0x080090d4   0x080090d4   0x0000000c   Code   RO         5239    i.PMBUS_SCFG_vSetBootMode  pmbus.o
    0x080090e0   0x080090e0   0x0000000c   Code   RO         5240    i.PMBUS_SCFG_vSetFanBlockTest  pmbus.o
    0x080090ec   0x080090ec   0x00000010   Code   RO         5241    i.PMBUS_SCFG_vSysSetFanCtrlDuty  pmbus.o
    0x080090fc   0x080090fc   0x00000170   Code   RO         5243    i.PMBUS_vCheckBootMode  pmbus.o
    0x0800926c   0x0800926c   0x00000014   Code   RO         5244    i.PMBUS_vClearAllFault  pmbus.o
    0x08009280   0x08009280   0x0000003c   Code   RO         5246    i.PMBUS_vClearPowerOffFault  pmbus.o
    0x080092bc   0x080092bc   0x00000350   Code   RO         5247    i.PMBUS_vCmdCheck   pmbus.o
    0x0800960c   0x0800960c   0x000001b8   Code   RO         5248    i.PMBUS_vCopyDebugData  pmbus.o
    0x080097c4   0x080097c4   0x00000002   Code   RO         5249    i.PMBUS_vCopyPecAndOringStatus  pmbus.o
    0x080097c6   0x080097c6   0x00000002   PAD
    0x080097c8   0x080097c8   0x0000063c   Code   RO         5250    i.PMBUS_vCopySensorData  pmbus.o
    0x08009e04   0x08009e04   0x0000040c   Code   RO         5251    i.PMBUS_vCopyStatusData  pmbus.o
    0x0800a210   0x0800a210   0x000000f4   Code   RO         5253    i.PMBUS_vInit       pmbus.o
    0x0800a304   0x0800a304   0x0000006c   Code   RO         5254    i.PMBUS_vSaveBlackBoxData2Buff  pmbus.o
    0x0800a370   0x0800a370   0x00000024   Code   RO         5255    i.PMBUS_vSaveBlackBoxVinData2Buff  pmbus.o
    0x0800a394   0x0800a394   0x00000f48   Code   RO         5256    i.PMBUS_vSendData   pmbus.o
    0x0800b2dc   0x0800b2dc   0x00000030   Code   RO         3728    i.PORT_u8ReadGpioPin  port.o
    0x0800b30c   0x0800b30c   0x000000e8   Code   RO         3730    i.PORT_vInit        port.o
    0x0800b3f4   0x0800b3f4   0x0000009c   Code   RO         3731    i.PORT_vSetGpioMode  port.o
    0x0800b490   0x0800b490   0x0000003c   Code   RO         3732    i.PORT_vSetGpioPin  port.o
    0x0800b4cc   0x0800b4cc   0x00000028   Code   RO         3733    i.PORT_vSetGpioPinToggle  port.o
    0x0800b4f4   0x0800b4f4   0x00000010   Code   RO         5852    i.PSUCTRL_RTE_Read_B_R_AUX_MODE  psuctrl.o
    0x0800b504   0x0800b504   0x00000010   Code   RO         5853    i.PSUCTRL_RTE_Read_B_R_REMOTE_ON  psuctrl.o
    0x0800b514   0x0800b514   0x00000010   Code   RO         5854    i.PSUCTRL_RTE_Read_B_R_STA_VSB_ON  psuctrl.o
    0x0800b524   0x0800b524   0x00000010   Code   RO         5855    i.PSUCTRL_RTE_Read_B_R_V1_FAULT_ACTIVE  psuctrl.o
    0x0800b534   0x0800b534   0x00000010   Code   RO         5856    i.PSUCTRL_RTE_Read_B_R_V1_OCP  psuctrl.o
    0x0800b544   0x0800b544   0x00000010   Code   RO         5857    i.PSUCTRL_RTE_Read_B_R_V1_OVP  psuctrl.o
    0x0800b554   0x0800b554   0x00000010   Code   RO         5858    i.PSUCTRL_RTE_Read_B_R_V1_UVP  psuctrl.o
    0x0800b564   0x0800b564   0x00000010   Code   RO         5859    i.PSUCTRL_RTE_Read_B_R_VIN_OK  psuctrl.o
    0x0800b574   0x0800b574   0x00000010   Code   RO         5860    i.PSUCTRL_RTE_Read_B_R_VSB_OCP  psuctrl.o
    0x0800b584   0x0800b584   0x00000010   Code   RO         5861    i.PSUCTRL_Rte_Read_B_R_TEMP_ANY_OTP  psuctrl.o
    0x0800b594   0x0800b594   0x0000001c   Code   RO         5862    i.PSUCTRL_Rte_Write_B_P_OUTPUT_OK  psuctrl.o
    0x0800b5b0   0x0800b5b0   0x00000020   Code   RO         5863    i.PSUCTRL_Rte_Write_B_P_STA_V1_ON  psuctrl.o
    0x0800b5d0   0x0800b5d0   0x0000001c   Code   RO         5864    i.PSUCTRL_Rte_Write_B_P_STA_VSB_ON  psuctrl.o
    0x0800b5ec   0x0800b5ec   0x00000018   Code   RO         5865    i.PSUCTRL_Rte_Write_B_P_TURN_ON_MAIN  psuctrl.o
    0x0800b604   0x0800b604   0x0000001c   Code   RO         5866    i.PSUCTRL_Rte_Write_B_P_V1_MONI_EN  psuctrl.o
    0x0800b620   0x0800b620   0x0000001c   Code   RO         5867    i.PSUCTRL_Rte_Write_B_P_VSB_MONI_EN  psuctrl.o
    0x0800b63c   0x0800b63c   0x0000000c   Code   RO         5868    i.PSUCTRL_Rte_Write_P_u16TrimV1Gain  psuctrl.o
    0x0800b648   0x0800b648   0x0000000c   Code   RO         5869    i.PSUCTRL_Rte_Write_P_u16TrimV1GainAct  psuctrl.o
    0x0800b654   0x0800b654   0x0000000c   Code   RO         5870    i.PSUCTRL_Rte_Write_P_u16TrimV1GainOvp  psuctrl.o
    0x0800b660   0x0800b660   0x0000000e   Code   RO         5871    i.PSUCTRL_SCFG_vVsbOvpDuty  psuctrl.o
    0x0800b66e   0x0800b66e   0x00000002   PAD
    0x0800b670   0x0800b670   0x00000040   Code   RO         5872    i.PSUCTRL_SCFG_vVsbSetOn  psuctrl.o
    0x0800b6b0   0x0800b6b0   0x00000014   Code   RO         5874    i.PSUCTRL_vInit     psuctrl.o
    0x0800b6c4   0x0800b6c4   0x00000214   Code   RO         5875    i.PSUCTRL_vTrim     psuctrl.o
    0x0800b8d8   0x0800b8d8   0x000001f0   Code   RO         5876    i.PSUCTRL_vV1Out    psuctrl.o
    0x0800bac8   0x0800bac8   0x000001e4   Code   RO         5877    i.PSUCTRL_vVsbOut   psuctrl.o
    0x0800bcac   0x0800bcac   0x00000160   Code   RO         3797    i.PWM_vInit         pwm.o
    0x0800be0c   0x0800be0c   0x0000008c   Code   RO         3798    i.PWM_vPwmDutyUpdate  pwm.o
    0x0800be98   0x0800be98   0x00000028   Code   RO          255    i.PWR_BackupAccessCmd  stdperiphdriver.o
    0x0800bec0   0x0800bec0   0x00000020   Code   RO          266    i.RCC_AHBPeriphClockCmd  stdperiphdriver.o
    0x0800bee0   0x0800bee0   0x00000020   Code   RO          268    i.RCC_APB1PeriphClockCmd  stdperiphdriver.o
    0x0800bf00   0x0800bf00   0x00000020   Code   RO          270    i.RCC_APB2PeriphClockCmd  stdperiphdriver.o
    0x0800bf20   0x0800bf20   0x00000020   Code   RO          271    i.RCC_APB2PeriphResetCmd  stdperiphdriver.o
    0x0800bf40   0x0800bf40   0x00000028   Code   RO          274    i.RCC_BackupResetCmd  stdperiphdriver.o
    0x0800bf68   0x0800bf68   0x0000024c   Code   RO          280    i.RCC_GetClocksFreq  stdperiphdriver.o
    0x0800c1b4   0x0800c1b4   0x00000028   Code   RO          300    i.RCC_RTCCLKCmd     stdperiphdriver.o
    0x0800c1dc   0x0800c1dc   0x00000010   Code   RO          301    i.RCC_RTCCLKConfig  stdperiphdriver.o
    0x0800c1ec   0x0800c1ec   0x00000058   Code   RO          319    i.RTC_EnterInitMode  stdperiphdriver.o
    0x0800c244   0x0800c244   0x00000014   Code   RO          320    i.RTC_ExitInitMode  stdperiphdriver.o
    0x0800c258   0x0800c258   0x00000058   Code   RO          333    i.RTC_Init          stdperiphdriver.o
    0x0800c2b0   0x0800c2b0   0x0000006c   Code   RO          354    i.RTC_WaitForSynchro  stdperiphdriver.o
    0x0800c31c   0x0800c31c   0x00000070   Code   RO         4252    i.RTC_vInit         rtc.o
    0x0800c38c   0x0800c38c   0x00000180   Code   RO         3844    i.RTE_vInit         rte.o
    0x0800c50c   0x0800c50c   0x00000104   Code   RO         3869    i.SCHM_vInit        schm.o
    0x0800c610   0x0800c610   0x00000018   Code   RO         3870    i.SCHM_vSchmIdleLoop  schm.o
    0x0800c628   0x0800c628   0x0000026c   Code   RO         3871    i.SCHM_vSchmRoutine  schm.o
    0x0800c894   0x0800c894   0x0000001c   Code   RO          396    i.SYSCFG_MemoryRemapConfig  stdperiphdriver.o
    0x0800c8b0   0x0800c8b0   0x00000018   Code   RO         5137    i.S_DAM_SCFG_bRead  s_dam.o
    0x0800c8c8   0x0800c8c8   0x00000018   Code   RO         5138    i.S_DAM_SCFG_bWrite  s_dam.o
    0x0800c8e0   0x0800c8e0   0x00000020   Code   RO         5139    i.S_DAM_SCFG_u32Crc  s_dam.o
    0x0800c900   0x0800c900   0x0000011c   Code   RO         5140    i.S_DAM_bRead       s_dam.o
    0x0800ca1c   0x0800ca1c   0x0000012c   Code   RO         5142    i.S_DAM_bWrite      s_dam.o
    0x0800cb48   0x0800cb48   0x00000010   Code   RO         5144    i.S_DAM_mgU32HeaderIndex  s_dam.o
    0x0800cb58   0x0800cb58   0x00000054   Code   RO         5146    i.S_DAM_u32GetLastRecordId  s_dam.o
    0x0800cbac   0x0800cbac   0x0000007c   Code   RO         3441    i.SystemInit        clock.o
    0x0800cc28   0x0800cc28   0x00000018   Code   RO         6007    i.TEMPCTRL_Rte_Read_R_u161mVLlcNtc  tempctrl.o
    0x0800cc40   0x0800cc40   0x00000018   Code   RO         6008    i.TEMPCTRL_Rte_Read_R_u161mVPfcNtc  tempctrl.o
    0x0800cc58   0x0800cc58   0x00000018   Code   RO         6009    i.TEMPCTRL_Rte_Read_R_u161mVSrNtc  tempctrl.o
    0x0800cc70   0x0800cc70   0x00000014   Code   RO         6010    i.TEMPCTRL_SCFG_u16ReadInletNtc  tempctrl.o
    0x0800cc84   0x0800cc84   0x00000014   Code   RO         6011    i.TEMPCTRL_SCFG_u16ReadOutletNtc  tempctrl.o
    0x0800cc98   0x0800cc98   0x00000014   Code   RO         6012    i.TEMPCTRL_s16ReadTempValue  tempctrl.o
    0x0800ccac   0x0800ccac   0x00000010   Code   RO         6013    i.TEMPCTRL_u16ReadAdcAvgValue  tempctrl.o
    0x0800ccbc   0x0800ccbc   0x000000b8   Code   RO         6015    i.TEMPCTRL_vInit    tempctrl.o
    0x0800cd74   0x0800cd74   0x00000270   Code   RO         6016    i.TEMPCTRL_vLookUpNtcTemperature  tempctrl.o
    0x0800cfe4   0x0800cfe4   0x00000294   Code   RO         6017    i.TEMPCTRL_vNtcTempMonitor  tempctrl.o
    0x0800d278   0x0800d278   0x00000164   Code   RO         6018    i.TEMPCTRL_vNtcVoltAverage  tempctrl.o
    0x0800d3dc   0x0800d3dc   0x00000010   Code   RO         6183    i.TIMECATL_SCFG_u8GetCrc8  timectrl.o
    0x0800d3ec   0x0800d3ec   0x00000014   Code   RO         6184    i.TIMECATL_SCFG_vWriteMem  timectrl.o
    0x0800d400   0x0800d400   0x00000020   Code   RO         6185    i.TIMECTRL_RTE_Write_B_P_PSO_LAST_UPDTING  timectrl.o
    0x0800d420   0x0800d420   0x00000020   Code   RO         6186    i.TIMECTRL_RTE_Write_B_P_PSO_TOTAL_UPDTING  timectrl.o
    0x0800d440   0x0800d440   0x0000000c   Code   RO         6187    i.TIMECTRL_RTE_Write_P_u32PosTotal  timectrl.o
    0x0800d44c   0x0800d44c   0x0000000c   Code   RO         6188    i.TIMECTRL_RTE_Write_P_vDataCopy  timectrl.o
    0x0800d458   0x0800d458   0x00000020   Code   RO         6189    i.TIMECTRL_RTE_Write_P_vWrBitHoursUpd  timectrl.o
    0x0800d478   0x0800d478   0x0000000c   Code   RO         6190    i.TIMECTRL_RTE_Write_P_vWrHoursUsed  timectrl.o
    0x0800d484   0x0800d484   0x00000144   Code   RO         6192    i.TIMECTRL_vInit    timectrl.o
    0x0800d5c8   0x0800d5c8   0x00000210   Code   RO         6193    i.TIMECTRL_vSaveHoursUsed  timectrl.o
    0x0800d7d8   0x0800d7d8   0x00000020   Code   RO         4012    i.TIMER_u8GetUpdateFlg  timer.o
    0x0800d7f8   0x0800d7f8   0x00000020   Code   RO         4013    i.TIMER_vClearUpdateFlg  timer.o
    0x0800d818   0x0800d818   0x000000c8   Code   RO         4015    i.TIMER_vInit       timer.o
    0x0800d8e0   0x0800d8e0   0x00000006   Code   RO          408    i.TIM_ClearFlag     stdperiphdriver.o
    0x0800d8e6   0x0800d8e6   0x00000002   PAD
    0x0800d8e8   0x0800d8e8   0x0000001c   Code   RO          414    i.TIM_Cmd           stdperiphdriver.o
    0x0800d904   0x0800d904   0x00000022   Code   RO          416    i.TIM_CtrlPWMOutputs  stdperiphdriver.o
    0x0800d926   0x0800d926   0x00000004   Code   RO          428    i.TIM_GenerateEvent  stdperiphdriver.o
    0x0800d92a   0x0800d92a   0x00000014   Code   RO          434    i.TIM_GetFlagStatus  stdperiphdriver.o
    0x0800d93e   0x0800d93e   0x00000014   Code   RO          439    i.TIM_ITConfig      stdperiphdriver.o
    0x0800d952   0x0800d952   0x00000002   PAD
    0x0800d954   0x0800d954   0x00000094   Code   RO          443    i.TIM_OC1Init       stdperiphdriver.o
    0x0800d9e8   0x0800d9e8   0x00000018   Code   RO          446    i.TIM_OC1PreloadConfig  stdperiphdriver.o
    0x0800da00   0x0800da00   0x000000ac   Code   RO          448    i.TIM_OC2Init       stdperiphdriver.o
    0x0800daac   0x0800daac   0x00000018   Code   RO          451    i.TIM_OC2PreloadConfig  stdperiphdriver.o
    0x0800dac4   0x0800dac4   0x00000098   Code   RO          453    i.TIM_OC3Init       stdperiphdriver.o
    0x0800db5c   0x0800db5c   0x00000018   Code   RO          456    i.TIM_OC3PreloadConfig  stdperiphdriver.o
    0x0800db74   0x0800db74   0x00000070   Code   RO          458    i.TIM_OC4Init       stdperiphdriver.o
    0x0800dbe4   0x0800dbe4   0x00000018   Code   RO          460    i.TIM_OC4PreloadConfig  stdperiphdriver.o
    0x0800dbfc   0x0800dbfc   0x00000004   Code   RO          477    i.TIM_SetCompare1   stdperiphdriver.o
    0x0800dc00   0x0800dc00   0x00000004   Code   RO          478    i.TIM_SetCompare2   stdperiphdriver.o
    0x0800dc04   0x0800dc04   0x00000004   Code   RO          479    i.TIM_SetCompare3   stdperiphdriver.o
    0x0800dc08   0x0800dc08   0x00000004   Code   RO          480    i.TIM_SetCompare4   stdperiphdriver.o
    0x0800dc0c   0x0800dc0c   0x0000007c   Code   RO          487    i.TIM_TimeBaseInit  stdperiphdriver.o
    0x0800dc88   0x0800dc88   0x00000178   Code   RO         5041    i.UARTPRT_vHandleRxData  uartprt.o
    0x0800de00   0x0800de00   0x0000024c   Code   RO         5042    i.UARTPRT_vHandleTxData  uartprt.o
    0x0800e04c   0x0800e04c   0x0000019c   Code   RO         5043    i.UARTPRT_vInit     uartprt.o
    0x0800e1e8   0x0800e1e8   0x00000020   Code   RO         5044    i.UARTPRT_vSetBootMode  uartprt.o
    0x0800e208   0x0800e208   0x000001c8   Code   RO         5045    i.UARTPRT_vTmOutMon  uartprt.o
    0x0800e3d0   0x0800e3d0   0x000001b4   Code   RO         5046    i.UARTPRT_vTxData   uartprt.o
    0x0800e584   0x0800e584   0x0000016c   Code   RO         5047    i.UARTPRT_vUsartIrqHandler  uartprt.o
    0x0800e6f0   0x0800e6f0   0x00000014   Code   RO         4518    i.UART_u16UartReadBaudrate  uart.o
    0x0800e704   0x0800e704   0x00000018   Code   RO         4520    i.UART_u8UartReadRxReg  uart.o
    0x0800e71c   0x0800e71c   0x00000018   Code   RO         4521    i.UART_u8UartReadTxEmptyFlg  uart.o
    0x0800e734   0x0800e734   0x0000012c   Code   RO         4523    i.UART_vInit        uart.o
    0x0800e860   0x0800e860   0x00000014   Code   RO         4524    i.UART_vUartWriteTxReg  uart.o
    0x0800e874   0x0800e874   0x0000002c   Code   RO         4525    i.USART1_IRQHandler  uart.o
    0x0800e8a0   0x0800e8a0   0x0000002c   Code   RO         4526    i.USART2_IRQHandler  uart.o
    0x0800e8cc   0x0800e8cc   0x00000012   Code   RO          495    i.USART_ClearITPendingBit  stdperiphdriver.o
    0x0800e8de   0x0800e8de   0x00000018   Code   RO          498    i.USART_Cmd         stdperiphdriver.o
    0x0800e8f6   0x0800e8f6   0x0000004e   Code   RO          507    i.USART_GetITStatus  stdperiphdriver.o
    0x0800e944   0x0800e944   0x00000042   Code   RO          509    i.USART_ITConfig    stdperiphdriver.o
    0x0800e986   0x0800e986   0x00000002   PAD
    0x0800e988   0x0800e988   0x000000f8   Code   RO          510    i.USART_Init        stdperiphdriver.o
    0x0800ea80   0x0800ea80   0x0000001c   Code   RO         3413    i.__ARM_common_switch8  buffer.o
    0x0800ea9c   0x0800ea9c   0x0000000e   Code   RO         6663    i.__scatterload_copy  mc_p.l(handlers.o)
    0x0800eaaa   0x0800eaaa   0x00000002   Code   RO         6664    i.__scatterload_null  mc_p.l(handlers.o)
    0x0800eaac   0x0800eaac   0x0000000e   Code   RO         6665    i.__scatterload_zeroinit  mc_p.l(handlers.o)
    0x0800eaba   0x0800eaba   0x0000001e   Code   RO         3685    i.main              main.o
    0x0800ead8   0x0800ead8   0x000002a0   Code   RO         5504    i.mg_AdjSpeed       fanctrl.o
    0x0800ed78   0x0800ed78   0x00000054   Code   RO         4301    i.mg_s32GetCalibratedData  cali.o
    0x0800edcc   0x0800edcc   0x000001cc   Code   RO         5258    i.mg_u16TxLinearDatFormatDiv128  pmbus.o
    0x0800ef98   0x0800ef98   0x0000007c   Code   RO         5259    i.mg_u16TxLinearDatFormatDiv128_PSMI  pmbus.o
    0x0800f014   0x0800f014   0x0000003e   Code   RO         5260    i.mg_u16TxLinearDatFormatDiv128_PSMI_TEMP  pmbus.o
    0x0800f052   0x0800f052   0x00000004   Code   RO         3505    i.mg_u32TimeoutUserCallback  eeprom.o
    0x0800f056   0x0800f056   0x00000002   PAD
    0x0800f058   0x0800f058   0x00000078   Code   RO         6412    i.mg_u8IsMaxCountEventFaultAndWarning  blabox.o
    0x0800f0d0   0x0800f0d0   0x00000040   Code   RO         4302    i.mg_vCalcV1CurrentGain  cali.o
    0x0800f110   0x0800f110   0x00000034   Code   RO         4303    i.mg_vCaliDefaultIinAc  cali.o
    0x0800f144   0x0800f144   0x00000034   Code   RO         4304    i.mg_vCaliDefaultIoutV1  cali.o
    0x0800f178   0x0800f178   0x00000034   Code   RO         4305    i.mg_vCaliDefaultIoutVsb  cali.o
    0x0800f1ac   0x0800f1ac   0x00000034   Code   RO         4306    i.mg_vCaliDefaultPinAc  cali.o
    0x0800f1e0   0x0800f1e0   0x00000034   Code   RO         4307    i.mg_vCaliDefaultV1IShare  cali.o
    0x0800f214   0x0800f214   0x00000030   Code   RO         4308    i.mg_vCaliDefaultVinAc  cali.o
    0x0800f244   0x0800f244   0x00000034   Code   RO         4309    i.mg_vCaliDefaultVoutV1  cali.o
    0x0800f278   0x0800f278   0x00000034   Code   RO         4310    i.mg_vCaliDefaultVoutVsb  cali.o
    0x0800f2ac   0x0800f2ac   0x00000024   Code   RO         4311    i.mg_vCalibrateIShave  cali.o
    0x0800f2d0   0x0800f2d0   0x000000b4   Code   RO         4312    i.mg_vCalibrateIin  cali.o
    0x0800f384   0x0800f384   0x00000002   Code   RO         4313    i.mg_vCalibratePin  cali.o
    0x0800f386   0x0800f386   0x00000002   PAD
    0x0800f388   0x0800f388   0x00000080   Code   RO         4314    i.mg_vCalibrateV1   cali.o
    0x0800f408   0x0800f408   0x00000024   Code   RO         4315    i.mg_vCalibrateV1Sense  cali.o
    0x0800f42c   0x0800f42c   0x00000030   Code   RO         4316    i.mg_vCalibrateVin  cali.o
    0x0800f45c   0x0800f45c   0x00000088   Code   RO         4317    i.mg_vCalibrateVsb  cali.o
    0x0800f4e4   0x0800f4e4   0x00000354   Code   RO         5261    i.mg_vClearFaultBit  pmbus.o
    0x0800f838   0x0800f838   0x000001bc   Code   RO         4318    i.mg_vCopyCaliData  cali.o
    0x0800f9f4   0x0800f9f4   0x0000000e   Code   RO         4319    i.mg_vCopyDataToBuf  cali.o
    0x0800fa02   0x0800fa02   0x00000002   PAD
    0x0800fa04   0x0800fa04   0x0000009c   Code   RO         4183    i.mg_vI2cReset      i2c.o
    0x0800faa0   0x0800faa0   0x00000080   Code   RO         3442    i.mg_vIntOscSel     clock.o
    0x0800fb20   0x0800fb20   0x0000001c   Code   RO         6413    i.mg_vMfrGetACCntBlackBox  blabox.o
    0x0800fb3c   0x0800fb3c   0x0000001c   Code   RO         6414    i.mg_vMfrGetPSONCntBlackBox  blabox.o
    0x0800fb58   0x0800fb58   0x00000022   Code   RO         6415    i.mg_vMfrGetTimePSONBlackBox  blabox.o
    0x0800fb7a   0x0800fb7a   0x00000002   PAD
    0x0800fb7c   0x0800fb7c   0x00000050   Code   RO         6416    i.mg_vMfrSetACCntBlackBox  blabox.o
    0x0800fbcc   0x0800fbcc   0x00000050   Code   RO         6417    i.mg_vMfrSetPSONCntBlackBox  blabox.o
    0x0800fc1c   0x0800fc1c   0x0000019c   Code   RO         6418    i.mg_vPushEventFaultBlackBox  blabox.o
    0x0800fdb8   0x0800fdb8   0x00000064   Code   RO         4765    i.mg_vReadAcOffset  mem.o
    0x0800fe1c   0x0800fe1c   0x000000d8   Code   RO         4320    i.mg_vReadCalibPara  cali.o
    0x0800fef4   0x0800fef4   0x00000094   Code   RO         4321    i.mg_vReadEepData   cali.o
    0x0800ff88   0x0800ff88   0x00000214   Code   RO         4766    i.mg_vReadFwRevData  mem.o
    0x0801019c   0x0801019c   0x00000034   Code   RO         6419    i.mg_vReadMfrBlaboxHeader  blabox.o
    0x080101d0   0x080101d0   0x00000064   Code   RO         4767    i.mg_vReadMfrInfoData  mem.o
    0x08010234   0x08010234   0x000000d0   Code   RO         4768    i.mg_vReadTrimData  mem.o
    0x08010304   0x08010304   0x00000080   Code   RO         4769    i.mg_vSaveAcOffset  mem.o
    0x08010384   0x08010384   0x000000dc   Code   RO         4322    i.mg_vSaveCaliData  cali.o
    0x08010460   0x08010460   0x00000208   Code   RO         4770    i.mg_vSaveFwRevData  mem.o
    0x08010668   0x08010668   0x0000007c   Code   RO         4771    i.mg_vSaveMfrInfoData  mem.o
    0x080106e4   0x080106e4   0x000000e0   Code   RO         4772    i.mg_vSaveTrimData  mem.o
    0x080107c4   0x080107c4   0x00000098   Code   RO         6420    i.mg_vSetCountEventFaultAndWarning  blabox.o
    0x0801085c   0x0801085c   0x00000030   Code   RO         4323    i.mg_vSetDefaultCaliData  cali.o
    0x0801088c   0x0801088c   0x0000001a   Code   RO         5267    i.u16Ones           pmbus.o
    0x080108a6   0x080108a6   0x00000002   PAD
    0x080108a8   0x080108a8   0x00000874   Code   RO         5268    i.vPMBus_HandleData  pmbus.o
    0x0801111c   0x0801111c   0x00000020   Data   RO         3313    .constdata          adc.o
    0x0801113c   0x0801113c   0x00000294   Data   RO         3734    .constdata          port.o
    0x080113d0   0x080113d0   0x00000030   Data   RO         3799    .constdata          pwm.o
    0x08011400   0x08011400   0x0000001c   Data   RO         4016    .constdata          timer.o
    0x0801141c   0x0801141c   0x00000300   Data   RO         4131    .constdata          crc.o
    0x0801171c   0x0801171c   0x00000090   Data   RO         4184    .constdata          i2c.o
    0x080117ac   0x080117ac   0x00000060   Data   RO         4527    .constdata          uart.o
    0x0801180c   0x0801180c   0x00000030   Data   RO         4774    .constdata          mem.o
    0x0801183c   0x0801183c   0x00000002   Data   RO         5049    .constdata          uartprt.o
    0x0801183e   0x0801183e   0x00000002   PAD
    0x08011840   0x08011840   0x00000024   Data   RO         5149    .constdata          s_dam.o
    0x08011864   0x08011864   0x0000040c   Data   RO         5270    .constdata          pmbus.o
    0x08011c70   0x08011c70   0x00000270   Data   RO         6021    .constdata          tempctrl.o
    0x08011ee0   0x08011ee0   0x00000020   Data   RO         6661    Region$$Table       anon$$obj.o


    Execution Region RW_IRAM1 (Exec base: 0x20000000, Load base: 0x08011f00, Size: 0x000000c0, Max: 0x000000c0, ABSOLUTE)

    Exec Addr    Load Addr    Size         Type   Attr      Idx    E Section Name        Object

    0x20000000        -       0x000000c0   Zero   RW         3590    .ARM.__AT_0x20000000  flash.o


    Execution Region RW_IRAM2 (Exec base: 0x200000c4, Load base: 0x08011f00, Size: 0x00001494, Max: 0x00003f3c, ABSOLUTE, COMPRESSED[0x00000048])

    Exec Addr    Load Addr    Size         Type   Attr      Idx    E Section Name        Object

    0x200000c4   COMPRESSED   0x00000010   Data   RW          548    .data               stdperiphdriver.o
    0x200000d4   COMPRESSED   0x00000040   Data   RW         3314    .data               adc.o
    0x20000114   COMPRESSED   0x00000008   Data   RW         3374    .data               buffer.o
    0x2000011c   COMPRESSED   0x0000000a   Data   RW         3506    .data               eeprom.o
    0x20000126   COMPRESSED   0x00000002   PAD
    0x20000128   COMPRESSED   0x00000008   Data   RW         3591    .data               flash.o
    0x20000130   COMPRESSED   0x00000001   Data   RW         3735    .data               port.o
    0x20000131   COMPRESSED   0x00000003   PAD
    0x20000134   COMPRESSED   0x000000da   Data   RW         3846    .data               rte.o
    0x2000020e   COMPRESSED   0x00000006   Data   RW         3872    .data               schm.o
    0x20000214   COMPRESSED   0x0000000a   Data   RW         4185    .data               i2c.o
    0x2000021e   COMPRESSED   0x00000002   PAD
    0x20000220   COMPRESSED   0x00000008   Data   RW         4253    .data               rtc.o
    0x20000228   COMPRESSED   0x00000004   Data   RW         4325    .data               cali.o
    0x2000022c   COMPRESSED   0x00000008   Data   RW         4528    .data               uart.o
    0x20000234   COMPRESSED   0x00000007   Data   RW         4624    .data               i2cprt.o
    0x2000023b   COMPRESSED   0x00000008   Data   RW         4775    .data               mem.o
    0x20000243   COMPRESSED   0x00000001   PAD
    0x20000244   COMPRESSED   0x0000000c   Data   RW         4940    .data               hwio.o
    0x20000250   COMPRESSED   0x00000010   Data   RW         5050    .data               uartprt.o
    0x20000260   COMPRESSED   0x00000022   Data   RW         5150    .data               s_dam.o
    0x20000282   COMPRESSED   0x00000014   Data   RW         5271    .data               pmbus.o
    0x20000296   COMPRESSED   0x00000010   Data   RW         5507    .data               fanctrl.o
    0x200002a6   COMPRESSED   0x0000002a   Data   RW         5673    .data               monctrl.o
    0x200002d0   COMPRESSED   0x00000014   Data   RW         5878    .data               psuctrl.o
    0x200002e4   COMPRESSED   0x00000008   Data   RW         6022    .data               tempctrl.o
    0x200002ec   COMPRESSED   0x00000002   Data   RW         6116    .data               ledctrl.o
    0x200002ee   COMPRESSED   0x00000002   PAD
    0x200002f0   COMPRESSED   0x00000014   Data   RW         6194    .data               timectrl.o
    0x20000304   COMPRESSED   0x00000008   Data   RW         6286    .data               intcom.o
    0x2000030c   COMPRESSED   0x0000002e   Data   RW         6423    .data               blabox.o
    0x2000033a   COMPRESSED   0x00000002   PAD
    0x2000033c        -       0x0000006e   Zero   RW         3373    .bss                buffer.o
    0x200003aa   COMPRESSED   0x00000002   PAD
    0x200003ac        -       0x0000063e   Zero   RW         3845    .bss                rte.o
    0x200009ea        -       0x0000000a   Zero   RW         4324    .bss                cali.o
    0x200009f4        -       0x00000118   Zero   RW         4773    .bss                mem.o
    0x20000b0c        -       0x00000228   Zero   RW         5048    .bss                uartprt.o
    0x20000d34        -       0x000002f6   Zero   RW         5269    .bss                pmbus.o
    0x2000102a        -       0x0000001c   Zero   RW         5505    .bss                fanctrl.o
    0x20001046        -       0x00000032   Zero   RW         5672    .bss                monctrl.o
    0x20001078        -       0x000000aa   Zero   RW         6020    .bss                tempctrl.o
    0x20001122        -       0x00000030   Zero   RW         6421    .bss                blabox.o
    0x20001152   COMPRESSED   0x00000006   PAD
    0x20001158        -       0x00000400   Zero   RW         3301    STACK               startup_stm32f0xx.o



  Load Region LR$$.ARM.__AT_0x08000000 (Base: 0x08000000, Size: 0x00000008, Max: 0x00000008, ABSOLUTE)

    Execution Region ER$$.ARM.__AT_0x08000000 (Exec base: 0x08000000, Load base: 0x08000000, Size: 0x00000008, Max: 0x00000008, ABSOLUTE, UNINIT)

    Exec Addr    Load Addr    Size         Type   Attr      Idx    E Section Name        Object

    0x08000000   0x08000000   0x00000008   Data   RW         3588    .ARM.__AT_0x08000000  flash.o


==============================================================================

Image component sizes


      Code (inc. data)   RO Data    RW Data    ZI Data      Debug   Object Name

       248         28         32         64          0      51048   adc.o
      4154        428          0         46         48      29063   blabox.o
       556         92          0          8        110       5259   buffer.o
      2984        356          0          4         10      22205   cali.o
       260         24          0          0          0       1295   clock.o
        54         12        768          0          0       2163   crc.o
      1792         56          0         10          0       5651   eeprom.o
      2076        166          0         16         28      15664   fanctrl.o
       220         20         16         16        192       4697   flash.o
      1164        122          0         12          0      13222   hwio.o
       672         50        144         10          0       5559   i2c.o
      1348        162          0          7          0      15933   i2cprt.o
      2900        200          0          8          0      25606   intcom.o
       498         62          0          2          0       7518   ledctrl.o
        30          0          0          0          0       1521   main.o
      2336        156         48          8        280      23398   mem.o
      3276        374          0         42         50      28471   monctrl.o
     12474        764       1036         20        758      53113   pmbus.o
       536         28        660          1          0       4430   port.o
      1974        246          0         20          0      22039   psuctrl.o
       492         10         48          0          0       2881   pwm.o
       112         14          0          8          0        815   rtc.o
       384        156          0        218       1598      37577   rte.o
       764         36         36         34          0      11469   s_dam.o
       904         56          0          6          0      13580   schm.o
        28          8        192          0       1024        616   startup_stm32f0xx.o
      4398        366          0         16          0     366736   stdperiphdriver.o
      1972        148        624          8        170      12198   tempctrl.o
      1020         96          0         20          0       8899   timectrl.o
       264         12         28          0          0       2621   timer.o
       476         64         96          8          0       5118   uart.o
      2664         94          2         16        552      10946   uartprt.o

    ----------------------------------------------------------------------
     53068       4406       3764        640       4828     811311   Object Totals
         0          0         32          0          0          0   (incl. Generated)
        38          0          2         12          8          0   (incl. Padding)

    ----------------------------------------------------------------------

      Code (inc. data)   RO Data    RW Data    ZI Data      Debug   Library Member Name

        86          0          0          0          0          0   __dczerorl2.o
         0          0          0          0          0          0   entry.o
         0          0          0          0          0          0   entry10a.o
         0          0          0          0          0          0   entry11a.o
         8          4          0          0          0          0   entry2.o
         4          0          0          0          0          0   entry5.o
         0          0          0          0          0          0   entry7b.o
         0          0          0          0          0          0   entry8b.o
         8          4          0          0          0          0   entry9a.o
        30          0          0          0          0          0   handlers.o
        40          0          0          0          0         72   idiv.o
        36          8          0          0          0         68   init.o
        44          0          0          0          0         72   uidiv.o

    ----------------------------------------------------------------------
       256         16          0          0          0        212   Library Totals
         0          0          0          0          0          0   (incl. Padding)

    ----------------------------------------------------------------------

      Code (inc. data)   RO Data    RW Data    ZI Data      Debug   Library Name

       256         16          0          0          0        212   mc_p.l

    ----------------------------------------------------------------------
       256         16          0          0          0        212   Library Totals

    ----------------------------------------------------------------------

==============================================================================


      Code (inc. data)   RO Data    RW Data    ZI Data      Debug   

     53324       4422       3764        640       4828     793531   Grand Totals
     53324       4422       3764         80       4828     793531   ELF Image Totals (compressed)
     53324       4422       3764         80          0          0   ROM Totals

==============================================================================

    Total RO  Size (Code + RO Data)                57088 (  55.75kB)
    Total RW  Size (RW Data + ZI Data)              5468 (   5.34kB)
    Total ROM Size (Code + RO Data + RW Data)      57168 (  55.83kB)

==============================================================================

